Archive member included because of file (symbol)

contiki-sky.a(rimeaddr.o)     obj_sky/contiki-sky-main.o (rimeaddr_copy)
contiki-sky.a(csma.o)         obj_sky/contiki-sky-main.o (csma_driver)
contiki-sky.a(contikimac.o)   udp-sink.co (contikimac_driver)
contiki-sky.a(phase.o)        contiki-sky.a(contikimac.o) (phase_update)
contiki-sky.a(rpl-dag.o)      udp-sink.co (rpl_set_prefix)
contiki-sky.a(rpl-icmp6.o)    contiki-sky.a(rpl-dag.o) (dao_output)
contiki-sky.a(rpl-timers.o)   contiki-sky.a(rpl-dag.o) (rpl_reset_dio_timer)
contiki-sky.a(rpl-mrhof.o)    contiki-sky.a(rpl-dag.o) (rpl_mrhof)
contiki-sky.a(process.o)      udp-sink.co (process_current)
contiki-sky.a(autostart.o)    obj_sky/contiki-sky-main.o (autostart_start)
contiki-sky.a(compower.o)     contiki-sky.a(contikimac.o) (compower_idle_activity)
contiki-sky.a(serial-line.o)  obj_sky/collect-common.o (serial_line_event_message)
contiki-sky.a(memb.o)         contiki-sky.a(csma.o) (memb_init)
contiki-sky.a(timer.o)        obj_sky/contiki-sky-main.o (timer_set)
contiki-sky.a(list.o)         contiki-sky.a(csma.o) (list_init)
contiki-sky.a(etimer.o)       obj_sky/contiki-sky-main.o (etimer_process)
contiki-sky.a(ctimer.o)       obj_sky/contiki-sky-main.o (ctimer_init)
contiki-sky.a(energest.o)     obj_sky/contiki-sky-main.o (energest_init)
contiki-sky.a(rtimer.o)       obj_sky/contiki-sky-main.o (rtimer_init)
contiki-sky.a(stimer.o)       contiki-sky.a(rpl-icmp6.o) (stimer_set)
contiki-sky.a(random.o)       obj_sky/contiki-sky-main.o (random_init)
contiki-sky.a(ringbuf.o)      contiki-sky.a(serial-line.o) (ringbuf_init)
contiki-sky.a(nbr-table.o)    contiki-sky.a(phase.o) (nbr_table_register)
contiki-sky.a(packetbuf.o)    contiki-sky.a(contikimac.o) (packetbuf_hdr_remove)
contiki-sky.a(queuebuf.o)     obj_sky/contiki-sky-main.o (queuebuf_init)
contiki-sky.a(sicslowpan.o)   obj_sky/contiki-sky-main.o (sicslowpan_driver)
contiki-sky.a(tcpip.o)        contiki-sky.a(sicslowpan.o) (tcpip_set_outputfunc)
contiki-sky.a(uip-debug.o)    udp-sink.co (uip_debug_ipaddr_print)
contiki-sky.a(uip-ds6-route.o)
                              contiki-sky.a(rpl-icmp6.o) (uip_ds6_route_nexthop)
contiki-sky.a(uip-ds6-nbr.o)  contiki-sky.a(rpl-icmp6.o) (uip_ds6_nbr_add)
contiki-sky.a(uip-ds6.o)      contiki-sky.a(tcpip.o) (uip_ds6_is_addr_onlink)
contiki-sky.a(uip-icmp6.o)    contiki-sky.a(rpl-icmp6.o) (uip_icmp6_send)
contiki-sky.a(uip-nd6.o)      contiki-sky.a(tcpip.o) (uip_nd6_ns_output)
contiki-sky.a(uip6.o)         udp-sink.co (uip_aligned_buf)
contiki-sky.a(contiki-sky-pla)
                              obj_sky/contiki-sky-main.o (init_platform)
contiki-sky.a(button-sensor.o)
                              udp-sink.co (button_sensor)
contiki-sky.a(ds2411.o)       obj_sky/contiki-sky-main.o (ds2411_init)
contiki-sky.a(xmem.o)         obj_sky/contiki-sky-main.o (xmem_init)
contiki-sky.a(node-id.o)      obj_sky/contiki-sky-main.o (node_id_restore)
contiki-sky.a(sensors.o)      udp-sink.co (sensors_event)
contiki-sky.a(cc2420.o)       obj_sky/contiki-sky-main.o (cc2420_set_channel)
contiki-sky.a(cc2420-arch.o)  contiki-sky.a(cc2420.o) (cc2420_arch_init)
contiki-sky.a(uart1.o)        obj_sky/contiki-sky-main.o (uart1_active)
contiki-sky.a(uart1-putchar.o)
                              udp-sink.co (putchar)
contiki-sky.a(msp430.o)       contiki-sky.a(uart1.o) (msp430_add_lpm_req)
contiki-sky.a(clock.o)        contiki-sky.a(timer.o) (clock_time)
contiki-sky.a(leds.o)         obj_sky/contiki-sky-main.o (leds_init)
contiki-sky.a(leds-arch.o)    contiki-sky.a(leds.o) (leds_arch_init)
contiki-sky.a(watchdog.o)     obj_sky/contiki-sky-main.o (watchdog_start)
contiki-sky.a(rtimer-arch.o)  contiki-sky.a(rtimer.o) (rtimer_arch_init)
contiki-sky.a(mac.o)          contiki-sky.a(csma.o) (mac_call_sent_callback)
contiki-sky.a(framer-802154.o)
                              contiki-sky.a(contikimac.o) (framer_802154)
contiki-sky.a(rpl.o)          contiki-sky.a(rpl-timers.o) (rpl_purge_routes)
contiki-sky.a(rpl-ext-header.)
                              contiki-sky.a(uip6.o) (rpl_verify_header)
contiki-sky.a(spi.o)          contiki-sky.a(xmem.o) (spi_init)
contiki-sky.a(frame802154.o)  contiki-sky.a(framer-802154.o) (frame802154_hdrlen)
/usr/local/msp430/bin/../lib/gcc/msp430/4.7.0/mmpy-16/libgcc.a(_mulsi3.o)
                              contiki-sky.a(csma.o) (__mulsi3)
/usr/local/msp430/bin/../lib/gcc/msp430/4.7.0/mmpy-16/libgcc.a(_udivmod16.o)
                              contiki-sky.a(rpl-dag.o) (__udivhi3)
/usr/local/msp430/bin/../lib/gcc/msp430/4.7.0/mmpy-16/libgcc.a(_divmod16.o)
                              contiki-sky.a(nbr-table.o) (__divhi3)
/usr/local/msp430/bin/../lib/gcc/msp430/4.7.0/mmpy-16/libgcc.a(_udivmod32.o)
                              obj_sky/contiki-sky-main.o (__udivsi3)
/usr/local/msp430/bin/../lib/gcc/msp430/4.7.0/../../../../msp430/lib/mmpy-16/libc.a(printf.o)
                              udp-sink.co (printf)
[...]
Memory Configuration

Name             Origin             Length             Attributes
sfr              0x00000000         0x00000010
peripheral_8bit  0x00000010         0x000000f0
peripheral_16bit 0x00000100         0x00000100
ram_mirror       0x00000200         0x00000800         xw
infomem          0x00001000         0x00000100
infob            0x00001000         0x00000080
infoa            0x00001080         0x00000080
ram              0x00001100         0x00002800         xw
rom              0x00004000         0x0000bfe0         xr
vectors          0x0000ffe0         0x00000020
bsl              0x00000000         0x00000000
infoc            0x00000000         0x00000000
infod            0x00000000         0x00000000
ram2             0x00000000         0x00000000         xw
usbram           0x00000000         0x00000000         xw
far_rom          0x00000000         0x00000000
*default*        0x00000000         0xffffffff

Linker script and memory map

LOAD /usr/local/msp430/bin/../lib/gcc/msp430/4.7.0/mmpy-16/crt0ivtbl16.o
LOAD udp-sink.co
LOAD obj_sky/collect-common.o
LOAD obj_sky/contiki-sky-main.o
LOAD contiki-sky.a
LOAD /usr/local/msp430/bin/../lib/gcc/msp430/4.7.0/mmpy-16/libgcc.a
LOAD /usr/local/msp430/bin/../lib/gcc/msp430/4.7.0/../../../../msp430/lib/mmpy-16/libc.a
LOAD /usr/local/msp430/bin/../lib/gcc/msp430/4.7.0/mmpy-16/libgcc.a
LOAD /usr/local/msp430/bin/../lib/gcc/msp430/4.7.0/mmpy-16/libcrt0.a
                0x00000080                PROVIDE (__info_segment_size, 0x80)
                0x00001000                PROVIDE (__infob, 0x1000)
                0x00001080                PROVIDE (__infoa, 0x1080)
                0x00000000                __IE1 = 0x0
                0x00000002                __IFG1 = 0x2
                0x00000004                __ME1 = 0x4
                0x00000001                __IE2 = 0x1
                0x00000003                __IFG2 = 0x3
                0x00000005                __ME2 = 0x5
                0x00000120                __WDTCTL = 0x120
                0x00000130                __MPY = 0x130
                0x00000132                __MPYS = 0x132
                0x00000134                __MAC = 0x134
                0x00000136                __MACS = 0x136
                0x00000138                __OP2 = 0x138
                0x0000013a                __RESLO = 0x13a
                0x0000013c                __RESHI = 0x13c
                0x0000013e                __SUMEXT = 0x13e
                0x00000020                __P1IN = 0x20
                0x00000021                __P1OUT = 0x21
                0x00000022                __P1DIR = 0x22
                0x00000023                __P1IFG = 0x23
                0x00000024                __P1IES = 0x24
                0x00000025                __P1IE = 0x25
                0x00000026                __P1SEL = 0x26
                0x00000028                __P2IN = 0x28
                0x00000029                __P2OUT = 0x29
                0x0000002a                __P2DIR = 0x2a
                0x0000002b                __P2IFG = 0x2b
                0x0000002c                __P2IES = 0x2c
                0x0000002d                __P2IE = 0x2d
                0x0000002e                __P2SEL = 0x2e
                0x00000018                __P3IN = 0x18
                0x00000019                __P3OUT = 0x19
                0x0000001a                __P3DIR = 0x1a
                0x0000001b                __P3SEL = 0x1b
                0x0000001c                __P4IN = 0x1c
                0x0000001d                __P4OUT = 0x1d
                0x0000001e                __P4DIR = 0x1e
                0x0000001f                __P4SEL = 0x1f
                0x00000030                __P5IN = 0x30
                0x00000031                __P5OUT = 0x31
                0x00000032                __P5DIR = 0x32
                0x00000033                __P5SEL = 0x33
                0x00000034                __P6IN = 0x34
                0x00000035                __P6OUT = 0x35
                0x00000036                __P6DIR = 0x36
                0x00000037                __P6SEL = 0x37
                0x00000070                __U0CTL = 0x70
                0x00000071                __U0TCTL = 0x71
                0x00000072                __U0RCTL = 0x72
                0x00000073                __U0MCTL = 0x73
                0x00000074                __U0BR0 = 0x74
                0x00000075                __U0BR1 = 0x75
                0x00000076                __U0RXBUF = 0x76
                0x00000077                __U0TXBUF = 0x77
                0x00000078                __U1CTL = 0x78
                0x00000079                __U1TCTL = 0x79
                0x0000007a                __U1RCTL = 0x7a
                0x0000007b                __U1MCTL = 0x7b
                0x0000007c                __U1BR0 = 0x7c
                0x0000007d                __U1BR1 = 0x7d
                0x0000007e                __U1RXBUF = 0x7e
                0x0000007f                __U1TXBUF = 0x7f
                0x00000050                __I2CIE = 0x50
                0x00000051                __I2CIFG = 0x51
                0x00000052                __I2CNDAT = 0x52
                0x00000071                __I2CTCTL = 0x71
                0x00000072                __I2CDCTL = 0x72
                0x00000073                __I2CPSC = 0x73
                0x00000074                __I2CSCLH = 0x74
                0x00000075                __I2CSCLL = 0x75
                0x00000076                __I2CDRB = 0x76
                0x00000076                __I2CDRW = 0x76
                0x00000118                __I2COA = 0x118
                0x0000011a                __I2CSA = 0x11a
                0x0000011c                __I2CIV = 0x11c
                0x0000012e                __TAIV = 0x12e
                0x00000160                __TACTL = 0x160
                0x00000162                __TACCTL0 = 0x162
                0x00000164                __TACCTL1 = 0x164
                0x00000166                __TACCTL2 = 0x166
                0x00000170                __TAR = 0x170
                0x00000172                __TACCR0 = 0x172
                0x00000174                __TACCR1 = 0x174
                0x00000176                __TACCR2 = 0x176
                0x0000011e                __TBIV = 0x11e
                0x00000180                __TBCTL = 0x180
                0x00000182                __TBCCTL0 = 0x182
                0x00000184                __TBCCTL1 = 0x184
                0x00000186                __TBCCTL2 = 0x186
                0x00000188                __TBCCTL3 = 0x188
                0x0000018a                __TBCCTL4 = 0x18a
                0x0000018c                __TBCCTL5 = 0x18c
                0x0000018e                __TBCCTL6 = 0x18e
                0x00000190                __TBR = 0x190
                0x00000192                __TBCCR0 = 0x192
                0x00000194                __TBCCR1 = 0x194
                0x00000196                __TBCCR2 = 0x196
                0x00000198                __TBCCR3 = 0x198
                0x0000019a                __TBCCR4 = 0x19a
                0x0000019c                __TBCCR5 = 0x19c
                0x0000019e                __TBCCR6 = 0x19e
                0x00000056                __DCOCTL = 0x56
                0x00000057                __BCSCTL1 = 0x57
                0x00000058                __BCSCTL2 = 0x58
                0x00000055                __SVSCTL = 0x55
                0x00000128                __FCTL1 = 0x128
                0x0000012a                __FCTL2 = 0x12a
                0x0000012c                __FCTL3 = 0x12c
                0x00000059                __CACTL1 = 0x59
                0x0000005a                __CACTL2 = 0x5a
                0x0000005b                __CAPD = 0x5b
                0x000001a0                __ADC12CTL0 = 0x1a0
                0x000001a2                __ADC12CTL1 = 0x1a2
                0x000001a4                __ADC12IFG = 0x1a4
                0x000001a6                __ADC12IE = 0x1a6
                0x000001a8                __ADC12IV = 0x1a8
                0x00000140                __ADC12MEM0 = 0x140
                0x00000142                __ADC12MEM1 = 0x142
                0x00000144                __ADC12MEM2 = 0x144
                0x00000146                __ADC12MEM3 = 0x146
                0x00000148                __ADC12MEM4 = 0x148
                0x0000014a                __ADC12MEM5 = 0x14a
                0x0000014c                __ADC12MEM6 = 0x14c
                0x0000014e                __ADC12MEM7 = 0x14e
                0x00000150                __ADC12MEM8 = 0x150
                0x00000152                __ADC12MEM9 = 0x152
                0x00000154                __ADC12MEM10 = 0x154
                0x00000156                __ADC12MEM11 = 0x156
                0x00000158                __ADC12MEM12 = 0x158
                0x0000015a                __ADC12MEM13 = 0x15a
                0x0000015c                __ADC12MEM14 = 0x15c
                0x0000015e                __ADC12MEM15 = 0x15e
                0x00000080                __ADC12MCTL0 = 0x80
                0x00000081                __ADC12MCTL1 = 0x81
                0x00000082                __ADC12MCTL2 = 0x82
                0x00000083                __ADC12MCTL3 = 0x83
                0x00000084                __ADC12MCTL4 = 0x84
                0x00000085                __ADC12MCTL5 = 0x85
                0x00000086                __ADC12MCTL6 = 0x86
                0x00000087                __ADC12MCTL7 = 0x87
                0x00000088                __ADC12MCTL8 = 0x88
                0x00000089                __ADC12MCTL9 = 0x89
                0x0000008a                __ADC12MCTL10 = 0x8a
                0x0000008b                __ADC12MCTL11 = 0x8b
                0x0000008c                __ADC12MCTL12 = 0x8c
                0x0000008d                __ADC12MCTL13 = 0x8d
                0x0000008e                __ADC12MCTL14 = 0x8e
                0x0000008f                __ADC12MCTL15 = 0x8f
                0x000001c0                __DAC12_0CTL = 0x1c0
                0x000001c2                __DAC12_1CTL = 0x1c2
                0x000001c8                __DAC12_0DAT = 0x1c8
                0x000001ca                __DAC12_1DAT = 0x1ca
                0x00000122                __DMACTL0 = 0x122
                0x00000124                __DMACTL1 = 0x124
                0x000001e0                __DMA0CTL = 0x1e0
                0x000001e8                __DMA1CTL = 0x1e8
                0x000001f0                __DMA2CTL = 0x1f0
                0x000001e2                __DMA0SA = 0x1e2
                0x000001e4                __DMA0DA = 0x1e4
                0x000001e6                __DMA0SZ = 0x1e6
                0x000001ea                __DMA1SA = 0x1ea
                0x000001ec                __DMA1DA = 0x1ec
                0x000001ee                __DMA1SZ = 0x1ee
                0x000001f2                __DMA2SA = 0x1f2
                0x000001f4                __DMA2DA = 0x1f4
                0x000001f6                __DMA2SZ = 0x1f6

.hash
 *(.hash)

.dynsym
 *(.dynsym)

.dynstr
 *(.dynstr)

.gnu.version
 *(.gnu.version)

.gnu.version_d
 *(.gnu.version_d)

.gnu.version_r
 *(.gnu.version_r)

.rel.init
 *(.rel.init)

.rela.init
 *(.rela.init)

.rel.fini
 *(.rel.fini)

.rela.fini
 *(.rela.fini)

.rel.text
 *(.rel.text .rel.text.* .rel.gnu.linkonce.t.*)

.rela.text
 *(.rela.text .rela.text.* .rela.gnu.linkonce.t.*)

.rel.rodata
 *(.rel.rodata .rel.rodata.* .rel.gnu.linkonce.r.*)

.rela.rodata
 *(.rela.rodata .rela.rodata.* .rela.gnu.linkonce.r.*)

.rel.data
 *(.rel.data .rel.data.* .rel.gnu.linkonce.d.*)

.rela.data
 *(.rela.data .rela.data.* .rela.gnu.linkonce.d.*)

.rel.bss
 *(.rel.bss .rel.bss.* .rel.gnu.linkonce.b.*)

.rela.bss
 *(.rela.bss .rela.bss.* .rela.gnu.linkonce.b.*)

.rel.ctors
 *(.rel.ctors)

.rela.ctors
 *(.rela.ctors)

.rel.dtors
 *(.rel.dtors)

.rela.dtors
 *(.rela.dtors)

.rel.got
 *(.rel.got)

.rela.got
 *(.rela.got)

.rel.plt
 *(.rel.plt)

.rela.plt
 *(.rela.plt)

.text           0x00004000     0xacea
                0x00004000                . = ALIGN (0x2)
 *(.init .init.*)
 *(.init0)
 .init0         0x00004000        0x0 /usr/local/msp430/bin/../lib/gcc/msp430/4.7.0/mmpy-16/libcrt0.a(_reset_vector__.o)
                0x00004000                _reset_vector__
 *(.init1)
 .init1         0x00004000        0xc /usr/local/msp430/bin/../lib/gcc/msp430/4.7.0/mmpy-16/libcrt0.a(__watchdog_support.o)
                0x00004000                __watchdog_support
 *(.init2)
 .init2         0x0000400c        0x4 /usr/local/msp430/bin/../lib/gcc/msp430/4.7.0/mmpy-16/libcrt0.a(__init_stack.o)
                0x0000400c                __init_stack
 *(.init3)
 .init3         0x00004010        0x0 /usr/local/msp430/bin/../lib/gcc/msp430/4.7.0/mmpy-16/libcrt0.a(__low_level_init.o)
                0x00004010                __low_level_init
 *(.init4)
 .init4         0x00004010       0x18 /usr/local/msp430/bin/../lib/gcc/msp430/4.7.0/mmpy-16/libcrt0.a(_copy_data.o)
                0x00004010                __do_copy_data
 .init4         0x00004028       0x16 /usr/local/msp430/bin/../lib/gcc/msp430/4.7.0/mmpy-16/libcrt0.a(_clear_bss.o)
                0x00004028                __do_clear_bss
 *(.init5)
 *(.init6)
 *(.init7)
 *(.init8)
 *(.init9)
 .init9         0x0000403e      0x362 obj_sky/contiki-sky-main.o
                0x0000403e                main
 *(.fini9)
 .fini9         0x000043a0        0x0 /usr/local/msp430/bin/../lib/gcc/msp430/4.7.0/mmpy-16/libcrt0.a(__stop_progExec__.o)
                0x000043a0                __stop_progExec__
 *(.fini8)
 *(.fini7)
 *(.fini6)
 *(.fini5)
 *(.fini4)
 *(.fini3)
 *(.fini2)
 *(.fini1)
 *(.fini0)
 .fini0         0x000043a0        0x6 /usr/local/msp430/bin/../lib/gcc/msp430/4.7.0/mmpy-16/libcrt0.a(_endless_loop__.o)
                0x000043a0                _endless_loop__
 *(.fini .fini.*)
                0x000043a6                . = ALIGN (0x2)
                0x000043a6                __ctors_start = .
 *(.ctors)
                0x000043a6                __ctors_end = .
                0x000043a6                __dtors_start = .
 *(.dtors)
                0x000043a6                __dtors_end = .
                0x000043a6                . = ALIGN (0x2)
 *(.text .text.* .gnu.linkonce.t.*)
 .text          0x000043a6        0x4 /usr/local/msp430/bin/../lib/gcc/msp430/4.7.0/mmpy-16/crt0ivtbl16.o
                0x000043a6                __isr_14
                0x000043a6                __isr_11
                0x000043a6                __isr_2
                0x000043a6                __isr_7
                0x000043a6                __isr_0
                0x000043a6                __isr_8
                0x000043a6                __isr_3
                0x000043a6                __isr_12
                0x000043a6                __isr_13
                0x000043a6                __isr_9
 .text.process_thread_udp_server_process
                0x000043aa      0x20a udp-sink.co
 .text.collect_common_set_sink
                0x000045b4        0x2 udp-sink.co
                0x000045b4                collect_common_set_sink
 .text.collect_common_net_print
                0x000045b6        0xa udp-sink.co
                0x000045b6                collect_common_net_print
 .text.collect_common_send
                0x000045c0        0x2 udp-sink.co
                0x000045c0                collect_common_send
 .text.collect_common_net_init
                0x000045c2       0x16 udp-sink.co
                0x000045c2                collect_common_net_init
 .text.process_thread_collect_common_process
                0x000045d8      0x1da obj_sky/collect-common.o
 .text.rimeaddr_copy
                0x000047b2        0x8 contiki-sky.a(rimeaddr.o)
                0x000047b2                rimeaddr_copy
 .text.rimeaddr_cmp
                0x000047ba       0x12 contiki-sky.a(rimeaddr.o)
                0x000047ba                rimeaddr_cmp
 .text.rimeaddr_set_node_addr
                0x000047cc        0xc contiki-sky.a(rimeaddr.o)
                0x000047cc                rimeaddr_set_node_addr
 .text.input_packet
                0x000047d8        0x6 contiki-sky.a(csma.o)
 .text.on       0x000047de        0x6 contiki-sky.a(csma.o)
 .text.off      0x000047e4        0x6 contiki-sky.a(csma.o)
 .text.channel_check_interval
                0x000047ea       0x10 contiki-sky.a(csma.o)
 .text.transmit_packet_list
                0x000047fa       0x24 contiki-sky.a(csma.o)
 .text.init     0x0000481e       0x1a contiki-sky.a(csma.o)
 .text.send_packet
                0x00004838      0x164 contiki-sky.a(csma.o)
 .text.free_packet
                0x0000499c       0x9c contiki-sky.a(csma.o)
 .text.packet_sent
                0x00004a38      0x134 contiki-sky.a(csma.o)
 .text.duty_cycle
                0x00004b6c        0x6 contiki-sky.a(contikimac.o)
 .text.init     0x00004b72       0x2e contiki-sky.a(contikimac.o)
 .text.on       0x00004ba0       0x1a contiki-sky.a(contikimac.o)
 .text.off      0x00004bba       0x22 contiki-sky.a(contikimac.o)
 .text.recv_burst_off
                0x00004bdc        0xa contiki-sky.a(contikimac.o)
 .text.turn_off
                0x00004be6       0x20 contiki-sky.a(contikimac.o)
 .text.turn_on  0x00004c06       0x30 contiki-sky.a(contikimac.o)
 .text.schedule_powercycle_fixed.part.4
                0x00004c36       0x34 contiki-sky.a(contikimac.o)
 .text.powercycle_turn_radio_off
                0x00004c6a       0x30 contiki-sky.a(contikimac.o)
 .text.input_packet
                0x00004c9a      0x11a contiki-sky.a(contikimac.o)
 .text.send_packet
                0x00004db4      0x2ac contiki-sky.a(contikimac.o)
 .text.qsend_list
                0x00005060       0x82 contiki-sky.a(contikimac.o)
 .text.qsend_packet
                0x000050e2       0x28 contiki-sky.a(contikimac.o)
 .text.powercycle
                0x0000510a      0x1de contiki-sky.a(contikimac.o)
 .text.send_packet
                0x000052e8       0x44 contiki-sky.a(phase.o)
 .text.phase_update
                0x0000532c       0x92 contiki-sky.a(phase.o)
                0x0000532c                phase_update
 .text.phase_wait
                0x000053be       0xf2 contiki-sky.a(phase.o)
                0x000053be                phase_wait
 .text.phase_init
                0x000054b0       0x14 contiki-sky.a(phase.o)
                0x000054b0                phase_init
 .text.lollipop_greater_than
                0x000054c4       0x3c contiki-sky.a(rpl-dag.o)
 .text.find_parent_any_dag_any_instance
                0x00005500       0x14 contiki-sky.a(rpl-dag.o)
 .text.rpl_set_preferred_parent
                0x00005514       0x30 contiki-sky.a(rpl-dag.o)
 .text.set_ip_from_prefix
                0x00005544       0x38 contiki-sky.a(rpl-dag.o)
 .text.check_prefix
                0x0000557c       0x80 contiki-sky.a(rpl-dag.o)
 .text.rpl_dag_init
                0x000055fc        0xe contiki-sky.a(rpl-dag.o)
                0x000055fc                rpl_dag_init
 .text.rpl_get_parent_ipaddr
                0x0000560a       0x10 contiki-sky.a(rpl-dag.o)
                0x0000560a                rpl_get_parent_ipaddr
 .text.rpl_set_prefix
                0x0000561a       0x8e contiki-sky.a(rpl-dag.o)
                0x0000561a                rpl_set_prefix
 .text.rpl_set_default_route
                0x000056a8       0x64 contiki-sky.a(rpl-dag.o)
                0x000056a8                rpl_set_default_route
 .text.rpl_alloc_instance
                0x0000570c       0x2c contiki-sky.a(rpl-dag.o)
                0x0000570c                rpl_alloc_instance
 .text.rpl_add_parent
                0x00005738       0x3c contiki-sky.a(rpl-dag.o)
                0x00005738                rpl_add_parent
 .text.rpl_find_parent
                0x00005774       0x1c contiki-sky.a(rpl-dag.o)
                0x00005774                rpl_find_parent
 .text.rpl_find_parent_any_dag
                0x00005790       0x24 contiki-sky.a(rpl-dag.o)
                0x00005790                rpl_find_parent_any_dag
 .text.rpl_select_parent
                0x000057b4       0x5c contiki-sky.a(rpl-dag.o)
                0x000057b4                rpl_select_parent
 .text.rpl_select_dag
                0x00005810      0x1ae contiki-sky.a(rpl-dag.o)
                0x00005810                rpl_select_dag
 .text.rpl_nullify_parent
                0x000059be       0x4e contiki-sky.a(rpl-dag.o)
                0x000059be                rpl_nullify_parent
 .text.rpl_remove_parent
                0x00005a0c       0x16 contiki-sky.a(rpl-dag.o)
                0x00005a0c                rpl_remove_parent
 .text.remove_parents.constprop.5
                0x00005a22       0x32 contiki-sky.a(rpl-dag.o)
 .text.rpl_free_dag
                0x00005a54       0x34 contiki-sky.a(rpl-dag.o)
                0x00005a54                rpl_free_dag
 .text.rpl_free_instance
                0x00005a88       0x5c contiki-sky.a(rpl-dag.o)
                0x00005a88                rpl_free_instance
 .text.rpl_move_parent
                0x00005ae4       0x6e contiki-sky.a(rpl-dag.o)
                0x00005ae4                rpl_move_parent
 .text.rpl_get_any_dag
                0x00005b52       0x16 contiki-sky.a(rpl-dag.o)
                0x00005b52                rpl_get_any_dag
 .text.rpl_get_instance
                0x00005b68       0x16 contiki-sky.a(rpl-dag.o)
                0x00005b68                rpl_get_instance
 .text.get_dag  0x00005b7e       0x58 contiki-sky.a(rpl-dag.o)
 .text.rpl_alloc_dag
                0x00005bd6       0x66 contiki-sky.a(rpl-dag.o)
                0x00005bd6                rpl_alloc_dag
 .text.rpl_set_root
                0x00005c3c       0xe8 contiki-sky.a(rpl-dag.o)
                0x00005c3c                rpl_set_root
 .text.rpl_repair_root
                0x00005d24       0x4c contiki-sky.a(rpl-dag.o)
                0x00005d24                rpl_repair_root
 .text.rpl_find_of
                0x00005d70       0x10 contiki-sky.a(rpl-dag.o)
                0x00005d70                rpl_find_of
 .text.rpl_join_instance
                0x00005d80      0x13c contiki-sky.a(rpl-dag.o)
                0x00005d80                rpl_join_instance
 .text.rpl_local_repair
                0x00005ebc       0x80 contiki-sky.a(rpl-dag.o)
                0x00005ebc                rpl_local_repair
 .text.rpl_process_parent_event
                0x00005f3c       0x80 contiki-sky.a(rpl-dag.o)
                0x00005f3c                rpl_process_parent_event
 .text.rpl_recalculate_ranks
                0x00005fbc       0x42 contiki-sky.a(rpl-dag.o)
                0x00005fbc                rpl_recalculate_ranks
 .text.rpl_add_dag
                0x00005ffe      0x112 contiki-sky.a(rpl-dag.o)
                0x00005ffe                rpl_add_dag
 .text.rpl_process_dio
                0x00006110      0x274 contiki-sky.a(rpl-dag.o)
                0x00006110                rpl_process_dio
 .text.get32    0x00006384       0x46 contiki-sky.a(rpl-icmp6.o)
 .text.set32    0x000063ca       0x2a contiki-sky.a(rpl-icmp6.o)
 .text.get16    0x000063f4        0xe contiki-sky.a(rpl-icmp6.o)
 .text.set16    0x00006402       0x10 contiki-sky.a(rpl-icmp6.o)
 .text.dis_output
                0x00006412       0x50 contiki-sky.a(rpl-icmp6.o)
                0x00006412                dis_output
 .text.dio_output
                0x00006462      0x264 contiki-sky.a(rpl-icmp6.o)
                0x00006462                dio_output
 .text.dao_output_target
                0x000066c6       0xdc contiki-sky.a(rpl-icmp6.o)
                0x000066c6                dao_output_target
 .text.dao_output
                0x000067a2       0x7e contiki-sky.a(rpl-icmp6.o)
                0x000067a2                dao_output
 .text.dao_ack_output
                0x00006820       0x32 contiki-sky.a(rpl-icmp6.o)
                0x00006820                dao_ack_output
 .text.uip_rpl_input
                0x00006852      0x52a contiki-sky.a(rpl-icmp6.o)
                0x00006852                uip_rpl_input
 .text.new_dio_interval
                0x00006d7c       0x92 contiki-sky.a(rpl-timers.o)
 .text.handle_periodic_timer
                0x00006e0e       0x2e contiki-sky.a(rpl-timers.o)
 .text.handle_dao_timer
                0x00006e3c       0x50 contiki-sky.a(rpl-timers.o)
 .text.handle_dio_timer
                0x00006e8c       0x82 contiki-sky.a(rpl-timers.o)
 .text.rpl_reset_periodic_timer
                0x00006f0e       0x54 contiki-sky.a(rpl-timers.o)
                0x00006f0e                rpl_reset_periodic_timer
 .text.rpl_reset_dio_timer
                0x00006f62       0x18 contiki-sky.a(rpl-timers.o)
                0x00006f62                rpl_reset_dio_timer
 .text.rpl_schedule_dao
                0x00006f7a       0x4e contiki-sky.a(rpl-timers.o)
                0x00006f7a                rpl_schedule_dao
 .text.reset    0x00006fc8        0x2 contiki-sky.a(rpl-mrhof.o)
 .text.neighbor_link_callback
                0x00006fca       0x86 contiki-sky.a(rpl-mrhof.o)
 .text.calculate_rank
                0x00007050       0x2c contiki-sky.a(rpl-mrhof.o)
 .text.update_metric_container
                0x0000707c        0x6 contiki-sky.a(rpl-mrhof.o)
 .text.best_dag
                0x00007082       0x2e contiki-sky.a(rpl-mrhof.o)
 .text.best_parent
                0x000070b0       0x52 contiki-sky.a(rpl-mrhof.o)
 .text.call_process
                0x00007102       0x46 contiki-sky.a(process.o)
 .text.exit_process
                0x00007148       0x96 contiki-sky.a(process.o)
 .text.do_poll  0x000071de       0x30 contiki-sky.a(process.o)
 .text.process_alloc_event
                0x0000720e        0xe contiki-sky.a(process.o)
                0x0000720e                process_alloc_event
 .text.process_init
                0x0000721c       0x1c contiki-sky.a(process.o)
                0x0000721c                process_init
 .text.process_run
                0x00007238       0xa2 contiki-sky.a(process.o)
                0x00007238                process_run
 .text.process_nevents
                0x000072da        0xe contiki-sky.a(process.o)
                0x000072da                process_nevents
 .text.process_post
                0x000072e8       0x54 contiki-sky.a(process.o)
                0x000072e8                process_post
 .text.process_post_synch
                0x0000733c       0x12 contiki-sky.a(process.o)
                0x0000733c                process_post_synch
 .text.process_start
                0x0000734e       0x36 contiki-sky.a(process.o)
                0x0000734e                process_start
 .text.process_poll
                0x00007384       0x18 contiki-sky.a(process.o)
                0x00007384                process_poll
 .text.autostart_start
                0x0000739c       0x16 contiki-sky.a(autostart.o)
                0x0000739c                autostart_start
 .text.compower_accumulate
                0x000073b2       0x72 contiki-sky.a(compower.o)
                0x000073b2                compower_accumulate
 .text.compower_clear
                0x00007424       0x12 contiki-sky.a(compower.o)
                0x00007424                compower_clear
 .text.compower_attrconv
                0x00007436       0x10 contiki-sky.a(compower.o)
                0x00007436                compower_attrconv
 .text.process_thread_serial_line_process
                0x00007446       0x9e contiki-sky.a(serial-line.o)
 .text.serial_line_input_byte
                0x000074e4       0x4a contiki-sky.a(serial-line.o)
                0x000074e4                serial_line_input_byte
 .text.serial_line_init
                0x0000752e       0x1c contiki-sky.a(serial-line.o)
                0x0000752e                serial_line_init
 .text.memb_init
                0x0000754a       0x36 contiki-sky.a(memb.o)
                0x0000754a                memb_init
 .text.memb_alloc
                0x00007580       0x3e contiki-sky.a(memb.o)
                0x00007580                memb_alloc
 .text.memb_free
                0x000075be       0x3a contiki-sky.a(memb.o)
                0x000075be                memb_free
 .text.memb_inmemb
                0x000075f8       0x2a contiki-sky.a(memb.o)
                0x000075f8                memb_inmemb
 .text.timer_set
                0x00007622       0x1c contiki-sky.a(timer.o)
                0x00007622                timer_set
 .text.timer_reset
                0x0000763e        0xe contiki-sky.a(timer.o)
                0x0000763e                timer_reset
 .text.timer_restart
                0x0000764c       0x14 contiki-sky.a(timer.o)
                0x0000764c                timer_restart
 .text.timer_expired
                0x00007660       0x2a contiki-sky.a(timer.o)
                0x00007660                timer_expired
 .text.list_init
                0x0000768a        0x6 contiki-sky.a(list.o)
                0x0000768a                list_init
 .text.list_head
                0x00007690        0x4 contiki-sky.a(list.o)
                0x00007690                list_head
 .text.list_tail
                0x00007694       0x12 contiki-sky.a(list.o)
                0x00007694                list_tail
 .text.list_remove
                0x000076a6       0x34 contiki-sky.a(list.o)
                0x000076a6                list_remove
 .text.list_push
                0x000076da       0x1a contiki-sky.a(list.o)
                0x000076da                list_push
 .text.list_add
                0x000076f4       0x2a contiki-sky.a(list.o)
                0x000076f4                list_add
 .text.list_length
                0x0000771e       0x10 contiki-sky.a(list.o)
                0x0000771e                list_length
 .text.list_item_next
                0x0000772e        0xc contiki-sky.a(list.o)
                0x0000772e                list_item_next
 .text.update_time
                0x0000773a       0x78 contiki-sky.a(etimer.o)
 .text.etimer_request_poll
                0x000077b2        0xa contiki-sky.a(etimer.o)
                0x000077b2                etimer_request_poll
 .text.process_thread_etimer_process
                0x000077bc       0xcc contiki-sky.a(etimer.o)
 .text.add_timer
                0x00007888       0x40 contiki-sky.a(etimer.o)
 .text.etimer_set
                0x000078c8       0x12 contiki-sky.a(etimer.o)
                0x000078c8                etimer_set
 .text.etimer_reset
                0x000078da       0x12 contiki-sky.a(etimer.o)
                0x000078da                etimer_reset
 .text.etimer_restart
                0x000078ec       0x12 contiki-sky.a(etimer.o)
                0x000078ec                etimer_restart
 .text.etimer_expired
                0x000078fe        0xe contiki-sky.a(etimer.o)
                0x000078fe                etimer_expired
 .text.etimer_expiration_time
                0x0000790c       0x14 contiki-sky.a(etimer.o)
                0x0000790c                etimer_expiration_time
 .text.etimer_pending
                0x00007920        0xc contiki-sky.a(etimer.o)
                0x00007920                etimer_pending
 .text.etimer_next_expiration_time
                0x0000792c       0x16 contiki-sky.a(etimer.o)
                0x0000792c                etimer_next_expiration_time
 .text.etimer_stop
                0x00007942       0x3e contiki-sky.a(etimer.o)
                0x00007942                etimer_stop
 .text.process_thread_ctimer_process
                0x00007980       0xa8 contiki-sky.a(ctimer.o)
 .text.ctimer_init
                0x00007a28       0x18 contiki-sky.a(ctimer.o)
                0x00007a28                ctimer_init
 .text.ctimer_set
                0x00007a40       0x5a contiki-sky.a(ctimer.o)
                0x00007a40                ctimer_set
 .text.ctimer_reset
                0x00007a9a       0x3a contiki-sky.a(ctimer.o)
                0x00007a9a                ctimer_reset
 .text.ctimer_stop
                0x00007ad4       0x28 contiki-sky.a(ctimer.o)
                0x00007ad4                ctimer_stop
 .text.energest_init
                0x00007afc       0x26 contiki-sky.a(energest.o)
                0x00007afc                energest_init
 .text.energest_type_time
                0x00007b22       0x48 contiki-sky.a(energest.o)
                0x00007b22                energest_type_time
 .text.energest_type_set
                0x00007b6a        0xe contiki-sky.a(energest.o)
                0x00007b6a                energest_type_set
 .text.energest_flush
                0x00007b78       0x48 contiki-sky.a(energest.o)
                0x00007b78                energest_flush
 .text.rtimer_init
                0x00007bc0        0x6 contiki-sky.a(rtimer.o)
                0x00007bc0                rtimer_init
 .text.rtimer_set
                0x00007bc6       0x24 contiki-sky.a(rtimer.o)
                0x00007bc6                rtimer_set
 .text.rtimer_run_next
                0x00007bea       0x26 contiki-sky.a(rtimer.o)
                0x00007bea                rtimer_run_next
 .text.stimer_set
                0x00007c10       0x1c contiki-sky.a(stimer.o)
                0x00007c10                stimer_set
 .text.stimer_expired
                0x00007c2c       0x30 contiki-sky.a(stimer.o)
                0x00007c2c                stimer_expired
 .text.random_init
                0x00007c5c        0x6 contiki-sky.a(random.o)
                0x00007c5c                random_init
 .text.random_rand
                0x00007c62        0x6 contiki-sky.a(random.o)
                0x00007c62                random_rand
 .text.ringbuf_init
                0x00007c68       0x14 contiki-sky.a(ringbuf.o)
                0x00007c68                ringbuf_init
 .text.ringbuf_put
                0x00007c7c       0x38 contiki-sky.a(ringbuf.o)
                0x00007c7c                ringbuf_put
 .text.ringbuf_get
                0x00007cb4       0x32 contiki-sky.a(ringbuf.o)
                0x00007cb4                ringbuf_get
 .text.item_from_index
                0x00007ce6       0x2a contiki-sky.a(nbr-table.o)
 .text.index_from_key
                0x00007d10       0x26 contiki-sky.a(nbr-table.o)
 .text.index_from_item
                0x00007d36       0x1e contiki-sky.a(nbr-table.o)
 .text.nbr_set_bit
                0x00007d54       0x58 contiki-sky.a(nbr-table.o)
 .text.index_from_lladdr
                0x00007dac       0x42 contiki-sky.a(nbr-table.o)
 .text.nbr_get_bit.constprop.0
                0x00007dee       0x2e contiki-sky.a(nbr-table.o)
 .text.nbr_table_register
                0x00007e1c       0x26 contiki-sky.a(nbr-table.o)
                0x00007e1c                nbr_table_register
 .text.nbr_table_next
                0x00007e42       0x54 contiki-sky.a(nbr-table.o)
                0x00007e42                nbr_table_next
 .text.nbr_table_head
                0x00007e96       0x3a contiki-sky.a(nbr-table.o)
                0x00007e96                nbr_table_head
 .text.nbr_table_add_lladdr
                0x00007ed0      0x128 contiki-sky.a(nbr-table.o)
                0x00007ed0                nbr_table_add_lladdr
 .text.nbr_table_get_from_lladdr
                0x00007ff8       0x2c contiki-sky.a(nbr-table.o)
                0x00007ff8                nbr_table_get_from_lladdr
 .text.nbr_table_remove
                0x00008024       0x32 contiki-sky.a(nbr-table.o)
                0x00008024                nbr_table_remove
 .text.nbr_table_lock
                0x00008056       0x10 contiki-sky.a(nbr-table.o)
                0x00008056                nbr_table_lock
 .text.nbr_table_unlock
                0x00008066       0x10 contiki-sky.a(nbr-table.o)
                0x00008066                nbr_table_unlock
 .text.nbr_table_get_lladdr
                0x00008076       0x22 contiki-sky.a(nbr-table.o)
                0x00008076                nbr_table_get_lladdr
 .text.packetbuf_copyto_hdr
                0x00008098       0x1c contiki-sky.a(packetbuf.o)
                0x00008098                packetbuf_copyto_hdr
 .text.packetbuf_copyto
                0x000080b4       0x52 contiki-sky.a(packetbuf.o)
                0x000080b4                packetbuf_copyto
 .text.packetbuf_hdr_remove
                0x00008106        0x6 contiki-sky.a(packetbuf.o)
                0x00008106                packetbuf_hdr_remove
 .text.packetbuf_hdrreduce
                0x0000810c       0x1a contiki-sky.a(packetbuf.o)
                0x0000810c                packetbuf_hdrreduce
 .text.packetbuf_set_datalen
                0x00008126        0x6 contiki-sky.a(packetbuf.o)
                0x00008126                packetbuf_set_datalen
 .text.packetbuf_dataptr
                0x0000812c        0xe contiki-sky.a(packetbuf.o)
                0x0000812c                packetbuf_dataptr
 .text.packetbuf_hdrptr
                0x0000813a        0xa contiki-sky.a(packetbuf.o)
                0x0000813a                packetbuf_hdrptr
 .text.packetbuf_is_reference
                0x00008144        0xe contiki-sky.a(packetbuf.o)
                0x00008144                packetbuf_is_reference
 .text.packetbuf_compact
                0x00008152       0x48 contiki-sky.a(packetbuf.o)
                0x00008152                packetbuf_compact
 .text.packetbuf_reference_ptr
                0x0000819a        0x6 contiki-sky.a(packetbuf.o)
                0x0000819a                packetbuf_reference_ptr
 .text.packetbuf_datalen
                0x000081a0        0x6 contiki-sky.a(packetbuf.o)
                0x000081a0                packetbuf_datalen
 .text.packetbuf_totlen
                0x000081a6       0x10 contiki-sky.a(packetbuf.o)
                0x000081a6                packetbuf_totlen
 .text.packetbuf_hdralloc
                0x000081b6       0x2e contiki-sky.a(packetbuf.o)
                0x000081b6                packetbuf_hdralloc
 .text.packetbuf_attr_clear
                0x000081e4       0x30 contiki-sky.a(packetbuf.o)
                0x000081e4                packetbuf_attr_clear
 .text.packetbuf_clear
                0x00008214       0x1a contiki-sky.a(packetbuf.o)
                0x00008214                packetbuf_clear
 .text.packetbuf_copyfrom
                0x0000822e       0x2e contiki-sky.a(packetbuf.o)
                0x0000822e                packetbuf_copyfrom
 .text.packetbuf_attr_copyto
                0x0000825c       0x22 contiki-sky.a(packetbuf.o)
                0x0000825c                packetbuf_attr_copyto
 .text.packetbuf_attr_copyfrom
                0x0000827e       0x24 contiki-sky.a(packetbuf.o)
                0x0000827e                packetbuf_attr_copyfrom
 .text.queuebuf_init
                0x000082a2       0x1a contiki-sky.a(queuebuf.o)
                0x000082a2                queuebuf_init
 .text.queuebuf_new_from_packetbuf
                0x000082bc       0x7e contiki-sky.a(queuebuf.o)
                0x000082bc                queuebuf_new_from_packetbuf
 .text.queuebuf_update_attr_from_packetbuf
                0x0000833a       0x12 contiki-sky.a(queuebuf.o)
                0x0000833a                queuebuf_update_attr_from_packetbuf
 .text.queuebuf_free
                0x0000834c       0x40 contiki-sky.a(queuebuf.o)
                0x0000834c                queuebuf_free
 .text.queuebuf_to_packetbuf
                0x0000838c       0x6e contiki-sky.a(queuebuf.o)
                0x0000838c                queuebuf_to_packetbuf
 .text.queuebuf_attr
                0x000083fa        0xe contiki-sky.a(queuebuf.o)
                0x000083fa                queuebuf_attr
 .text.set_packet_attrs
                0x00008408       0x46 contiki-sky.a(sicslowpan.o)
 .text.addr_context_lookup_by_number
                0x0000844e       0x32 contiki-sky.a(sicslowpan.o)
 .text.compress_addr_64
                0x00008480       0xae contiki-sky.a(sicslowpan.o)
 .text.uncompress_addr
                0x0000852e       0xb4 contiki-sky.a(sicslowpan.o)
 .text.input    0x000085e2      0x624 contiki-sky.a(sicslowpan.o)
 .text.sicslowpan_init
                0x00008c06       0x26 contiki-sky.a(sicslowpan.o)
                0x00008c06                sicslowpan_init
 .text.addr_context_lookup_by_prefix
                0x00008c2c       0x4c contiki-sky.a(sicslowpan.o)
 .text.packet_sent
                0x00008c78       0x22 contiki-sky.a(sicslowpan.o)
 .text.send_packet
                0x00008c9a       0x1a contiki-sky.a(sicslowpan.o)
 .text.output   0x00008cb4      0x6ee contiki-sky.a(sicslowpan.o)
 .text.start_periodic_tcp_timer
                0x000093a2       0x16 contiki-sky.a(tcpip.o)
 .text.tcpip_output
                0x000093b8       0x10 contiki-sky.a(tcpip.o)
                0x000093b8                tcpip_output
 .text.tcpip_set_outputfunc
                0x000093c8        0x6 contiki-sky.a(tcpip.o)
                0x000093c8                tcpip_set_outputfunc
 .text.udp_new  0x000093ce       0x1a contiki-sky.a(tcpip.o)
                0x000093ce                udp_new
 .text.tcpip_input
                0x000093e8       0x16 contiki-sky.a(tcpip.o)
                0x000093e8                tcpip_input
 .text.tcpip_ipv6_output
                0x000093fe      0x152 contiki-sky.a(tcpip.o)
                0x000093fe                tcpip_ipv6_output
 .text.process_thread_tcpip_process
                0x00009550      0x1d4 contiki-sky.a(tcpip.o)
 .text.tcpip_uipcall
                0x00009724       0x70 contiki-sky.a(tcpip.o)
                0x00009724                tcpip_uipcall
 .text.uip_debug_ipaddr_print
                0x00009794       0x7e contiki-sky.a(uip-debug.o)
                0x00009794                uip_debug_ipaddr_print
 .text.call_route_callback
                0x00009812       0x4c contiki-sky.a(uip-ds6-route.o)
 .text.uip_ds6_route_init
                0x0000985e       0x2e contiki-sky.a(uip-ds6-route.o)
                0x0000985e                uip_ds6_route_init
 .text.uip_ds6_route_nexthop
                0x0000988c       0x1a contiki-sky.a(uip-ds6-route.o)
                0x0000988c                uip_ds6_route_nexthop
 .text.uip_ds6_route_head
                0x000098a6       0x28 contiki-sky.a(uip-ds6-route.o)
                0x000098a6                uip_ds6_route_head
 .text.uip_ds6_route_next
                0x000098ce       0x30 contiki-sky.a(uip-ds6-route.o)
                0x000098ce                uip_ds6_route_next
 .text.uip_ds6_route_lookup
                0x000098fe       0x5e contiki-sky.a(uip-ds6-route.o)
                0x000098fe                uip_ds6_route_lookup
 .text.uip_ds6_route_add
                0x0000995c       0xb4 contiki-sky.a(uip-ds6-route.o)
                0x0000995c                uip_ds6_route_add
 .text.uip_ds6_route_rm
                0x00009a10       0x60 contiki-sky.a(uip-ds6-route.o)
                0x00009a10                uip_ds6_route_rm
 .text.rm_routelist
                0x00009a70       0x30 contiki-sky.a(uip-ds6-route.o)
 .text.rm_routelist_callback
                0x00009aa0        0x6 contiki-sky.a(uip-ds6-route.o)
 .text.uip_ds6_defrt_rm
                0x00009aa6       0x48 contiki-sky.a(uip-ds6-route.o)
                0x00009aa6                uip_ds6_defrt_rm
 .text.uip_ds6_defrt_lookup
                0x00009aee       0x36 contiki-sky.a(uip-ds6-route.o)
                0x00009aee                uip_ds6_defrt_lookup
 .text.uip_ds6_defrt_add
                0x00009b24       0x74 contiki-sky.a(uip-ds6-route.o)
                0x00009b24                uip_ds6_defrt_add
 .text.uip_ds6_defrt_choose
                0x00009b98       0x3a contiki-sky.a(uip-ds6-route.o)
                0x00009b98                uip_ds6_defrt_choose
 .text.uip_ds6_defrt_periodic
                0x00009bd2       0x38 contiki-sky.a(uip-ds6-route.o)
                0x00009bd2                uip_ds6_defrt_periodic
 .text.uip_ds6_nbr_rm
                0x00009c0a       0x1a contiki-sky.a(uip-ds6-nbr.o)
                0x00009c0a                uip_ds6_nbr_rm
 .text.uip_ds6_neighbors_init
                0x00009c24        0xe contiki-sky.a(uip-ds6-nbr.o)
                0x00009c24                uip_ds6_neighbors_init
 .text.uip_ds6_nbr_add
                0x00009c32       0x60 contiki-sky.a(uip-ds6-nbr.o)
                0x00009c32                uip_ds6_nbr_add
 .text.uip_ds6_nbr_get_ll
                0x00009c92        0xc contiki-sky.a(uip-ds6-nbr.o)
                0x00009c92                uip_ds6_nbr_get_ll
 .text.uip_ds6_nbr_lookup
                0x00009c9e       0x42 contiki-sky.a(uip-ds6-nbr.o)
                0x00009c9e                uip_ds6_nbr_lookup
 .text.uip_ds6_nbr_ll_lookup
                0x00009ce0        0xc contiki-sky.a(uip-ds6-nbr.o)
                0x00009ce0                uip_ds6_nbr_ll_lookup
 .text.uip_ds6_nbr_ipaddr_from_lladdr
                0x00009cec        0x6 contiki-sky.a(uip-ds6-nbr.o)
                0x00009cec                uip_ds6_nbr_ipaddr_from_lladdr
 .text.uip_ds6_nbr_lladdr_from_ipaddr
                0x00009cf2       0x12 contiki-sky.a(uip-ds6-nbr.o)
                0x00009cf2                uip_ds6_nbr_lladdr_from_ipaddr
 .text.uip_ds6_link_neighbor_callback
                0x00009d04       0x2a contiki-sky.a(uip-ds6-nbr.o)
                0x00009d04                uip_ds6_link_neighbor_callback
 .text.uip_ds6_neighbor_periodic
                0x00009d2e       0xfe contiki-sky.a(uip-ds6-nbr.o)
                0x00009d2e                uip_ds6_neighbor_periodic
 .text.uip_ds6_list_loop
                0x00009e2c       0x86 contiki-sky.a(uip-ds6.o)
                0x00009e2c                uip_ds6_list_loop
 .text.uip_ds6_prefix_add
                0x00009eb2       0x80 contiki-sky.a(uip-ds6.o)
                0x00009eb2                uip_ds6_prefix_add
 .text.uip_ds6_is_addr_onlink
                0x00009f32       0x54 contiki-sky.a(uip-ds6.o)
                0x00009f32                uip_ds6_is_addr_onlink
 .text.uip_ds6_addr_lookup
                0x00009f86       0x2a contiki-sky.a(uip-ds6.o)
                0x00009f86                uip_ds6_addr_lookup
 .text.uip_ds6_get_link_local
                0x00009fb0       0x3e contiki-sky.a(uip-ds6.o)
                0x00009fb0                uip_ds6_get_link_local
 .text.uip_ds6_maddr_add
                0x00009fee       0x4c contiki-sky.a(uip-ds6.o)
                0x00009fee                uip_ds6_maddr_add
 .text.uip_ds6_addr_add
                0x0000a03a       0xc4 contiki-sky.a(uip-ds6.o)
                0x0000a03a                uip_ds6_addr_add
 .text.uip_ds6_maddr_rm
                0x0000a0fe        0xa contiki-sky.a(uip-ds6.o)
                0x0000a0fe                uip_ds6_maddr_rm
 .text.uip_ds6_maddr_lookup
                0x0000a108       0x2a contiki-sky.a(uip-ds6.o)
                0x0000a108                uip_ds6_maddr_lookup
 .text.uip_ds6_addr_rm
                0x0000a132       0x54 contiki-sky.a(uip-ds6.o)
                0x0000a132                uip_ds6_addr_rm
 .text.uip_ds6_periodic
                0x0000a186       0x4a contiki-sky.a(uip-ds6.o)
                0x0000a186                uip_ds6_periodic
 .text.uip_ds6_set_addr_iid
                0x0000a1d0       0x14 contiki-sky.a(uip-ds6.o)
                0x0000a1d0                uip_ds6_set_addr_iid
 .text.get_match_length
                0x0000a1e4       0x44 contiki-sky.a(uip-ds6.o)
                0x0000a1e4                get_match_length
 .text.uip_ds6_select_src
                0x0000a228       0xaa contiki-sky.a(uip-ds6.o)
                0x0000a228                uip_ds6_select_src
 .text.uip_ds6_compute_reachable_time
                0x0000a2d2       0x3e contiki-sky.a(uip-ds6.o)
                0x0000a2d2                uip_ds6_compute_reachable_time
 .text.uip_ds6_init
                0x0000a310      0x154 contiki-sky.a(uip-ds6.o)
                0x0000a310                uip_ds6_init
 .text.uip_icmp6_echo_request_input
                0x0000a464      0x12c contiki-sky.a(uip-icmp6.o)
                0x0000a464                uip_icmp6_echo_request_input
 .text.uip_icmp6_error_output
                0x0000a590      0x17e contiki-sky.a(uip-icmp6.o)
                0x0000a590                uip_icmp6_error_output
 .text.uip_icmp6_send
                0x0000a70e       0x94 contiki-sky.a(uip-icmp6.o)
                0x0000a70e                uip_icmp6_send
 .text.uip_nd6_ns_input
                0x0000a7a2      0x24e contiki-sky.a(uip-nd6.o)
                0x0000a7a2                uip_nd6_ns_input
 .text.uip_nd6_ns_output
                0x0000a9f0      0x17a contiki-sky.a(uip-nd6.o)
                0x0000a9f0                uip_nd6_ns_output
 .text.uip_nd6_na_input
                0x0000ab6a      0x1bc contiki-sky.a(uip-nd6.o)
                0x0000ab6a                uip_nd6_na_input
 .text.chksum   0x0000ad26       0x32 contiki-sky.a(uip6.o)
 .text.upper_layer_chksum
                0x0000ad58       0x56 contiki-sky.a(uip6.o)
 .text.ext_hdr_options_process
                0x0000adae       0xd0 contiki-sky.a(uip6.o)
 .text.uip_add32
                0x0000ae7e       0x68 contiki-sky.a(uip6.o)
                0x0000ae7e                uip_add32
 .text.uip_add_rcv_nxt
                0x0000aee6       0x2e contiki-sky.a(uip6.o)
 .text.uip_icmp6chksum
                0x0000af14        0xa contiki-sky.a(uip6.o)
                0x0000af14                uip_icmp6chksum
 .text.uip_tcpchksum
                0x0000af1e        0xa contiki-sky.a(uip6.o)
                0x0000af1e                uip_tcpchksum
 .text.uip_udpchksum
                0x0000af28        0xa contiki-sky.a(uip6.o)
                0x0000af28                uip_udpchksum
 .text.uip_init
                0x0000af32       0x72 contiki-sky.a(uip6.o)
                0x0000af32                uip_init
 .text.remove_ext_hdr
                0x0000afa4       0x58 contiki-sky.a(uip6.o)
                0x0000afa4                remove_ext_hdr
 .text.uip_udp_new
                0x0000affc       0xe4 contiki-sky.a(uip6.o)
                0x0000affc                uip_udp_new
 .text.uip_unlisten
                0x0000b0e0       0x2a contiki-sky.a(uip6.o)
                0x0000b0e0                uip_unlisten
 .text.uip_process
                0x0000b10a      0xeb2 contiki-sky.a(uip6.o)
                0x0000b10a                uip_process
 .text.uip_htonl
                0x0000bfbc       0x2e contiki-sky.a(uip6.o)
                0x0000bfbc                uip_htonl
 .text.init_platform
                0x0000bfea        0xc contiki-sky.a(contiki-sky-pla)
                0x0000bfea                init_platform
 .text.status   0x0000bff6       0x18 contiki-sky.a(button-sensor.o)
 .text.value    0x0000c00e       0x20 contiki-sky.a(button-sensor.o)
 .text.configure
                0x0000c02e       0x4c contiki-sky.a(button-sensor.o)
 .text.irq_p2   0x0000c07a       0x88 contiki-sky.a(button-sensor.o)
                0x0000c07a                irq_p2
                0x0000c07a                __isr_1
 .text.owreadb  0x0000c102       0x50 contiki-sky.a(ds2411.o)
 .text.ds2411_init
                0x0000c152      0x120 contiki-sky.a(ds2411.o)
                0x0000c152                ds2411_init
 .text.wait_ready
                0x0000c272       0x4a contiki-sky.a(xmem.o)
 .text.xmem_init
                0x0000c2bc       0x3c contiki-sky.a(xmem.o)
                0x0000c2bc                xmem_init
 .text.xmem_pread
                0x0000c2f8       0xe0 contiki-sky.a(xmem.o)
                0x0000c2f8                xmem_pread
 .text.node_id_restore
                0x0000c3d8       0x38 contiki-sky.a(node-id.o)
                0x0000c3d8                node_id_restore
 .text.process_thread_sensors_process
                0x0000c410       0xc2 contiki-sky.a(sensors.o)
 .text.sensors_changed
                0x0000c4d2       0x2a contiki-sky.a(sensors.o)
                0x0000c4d2                sensors_changed
 .text.strobe   0x0000c4fc       0x1c contiki-sky.a(cc2420.o)
 .text.status   0x0000c518       0x22 contiki-sky.a(cc2420.o)
 .text.getreg   0x0000c53a       0x4c contiki-sky.a(cc2420.o)
 .text.setreg   0x0000c586       0x4c contiki-sky.a(cc2420.o)
 .text.set_txpower
                0x0000c5d2       0x24 contiki-sky.a(cc2420.o)
 .text.cc2420_receiving_packet
                0x0000c5f6        0xc contiki-sky.a(cc2420.o)
 .text.pending_packet
                0x0000c602        0x8 contiki-sky.a(cc2420.o)
 .text.on       0x0000c60a       0x44 contiki-sky.a(cc2420.o)
 .text.flushrx  0x0000c64e       0x6c contiki-sky.a(cc2420.o)
 .text.off      0x0000c6ba       0x72 contiki-sky.a(cc2420.o)
 .text.RELEASE_LOCK
                0x0000c72c       0x28 contiki-sky.a(cc2420.o)
 .text.cc2420_prepare
                0x0000c754       0x82 contiki-sky.a(cc2420.o)
 .text.getrxdata
                0x0000c7d6       0x50 contiki-sky.a(cc2420.o)
 .text.cc2420_on
                0x0000c826       0x22 contiki-sky.a(cc2420.o)
                0x0000c826                cc2420_on
 .text.cc2420_off
                0x0000c848       0x30 contiki-sky.a(cc2420.o)
                0x0000c848                cc2420_off
 .text.cc2420_cca
                0x0000c878       0x82 contiki-sky.a(cc2420.o)
 .text.cc2420_read
                0x0000c8fa       0xda contiki-sky.a(cc2420.o)
 .text.process_thread_cc2420_process
                0x0000c9d4       0x54 contiki-sky.a(cc2420.o)
 .text.cc2420_set_channel
                0x0000ca28       0x80 contiki-sky.a(cc2420.o)
                0x0000ca28                cc2420_set_channel
 .text.cc2420_set_pan_addr
                0x0000caa8      0x13e contiki-sky.a(cc2420.o)
                0x0000caa8                cc2420_set_pan_addr
 .text.cc2420_init
                0x0000cbe6       0xca contiki-sky.a(cc2420.o)
                0x0000cbe6                cc2420_init
 .text.cc2420_interrupt
                0x0000ccb0       0x1e contiki-sky.a(cc2420.o)
                0x0000ccb0                cc2420_interrupt
 .text.cc2420_get_txpower
                0x0000ccce       0x1e contiki-sky.a(cc2420.o)
                0x0000ccce                cc2420_get_txpower
 .text.cc2420_transmit
                0x0000ccec      0x1a6 contiki-sky.a(cc2420.o)
 .text.cc2420_send
                0x0000ce92       0x12 contiki-sky.a(cc2420.o)
 .text.cc2420_port1_interrupt
                0x0000cea4       0x62 contiki-sky.a(cc2420-arch.o)
                0x0000cea4                __isr_4
                0x0000cea4                cc2420_port1_interrupt
 .text.cc2420_arch_init
                0x0000cf06       0x1a contiki-sky.a(cc2420-arch.o)
                0x0000cf06                cc2420_arch_init
 .text.handle_rxdma_timer
                0x0000cf20       0x3a contiki-sky.a(uart1.o)
 .text.uart1_active
                0x0000cf5a       0x18 contiki-sky.a(uart1.o)
                0x0000cf5a                uart1_active
 .text.uart1_set_input
                0x0000cf72       0x20 contiki-sky.a(uart1.o)
                0x0000cf72                uart1_set_input
 .text.uart1_writeb
                0x0000cf92       0x18 contiki-sky.a(uart1.o)
                0x0000cf92                uart1_writeb
 .text.uart1_init
                0x0000cfaa       0xf4 contiki-sky.a(uart1.o)
                0x0000cfaa                uart1_init
 .text.putchar  0x0000d09e       0x10 contiki-sky.a(uart1-putchar.o)
                0x0000d09e                putchar
 .text.msp430_init_dco
                0x0000d0ae       0x82 contiki-sky.a(msp430.o)
                0x0000d0ae                msp430_init_dco
 .text.msp430_add_lpm_req
                0x0000d130        0xc contiki-sky.a(msp430.o)
                0x0000d130                msp430_add_lpm_req
 .text.msp430_cpu_init
                0x0000d13c       0x2a contiki-sky.a(msp430.o)
                0x0000d13c                msp430_cpu_init
 .text.splhigh_
                0x0000d166        0x8 contiki-sky.a(msp430.o)
                0x0000d166                splhigh_
 .text.msp430_sync_dco
                0x0000d16e       0x6c contiki-sky.a(msp430.o)
                0x0000d16e                msp430_sync_dco
 .text.timera1  0x0000d1da       0xfe contiki-sky.a(clock.o)
                0x0000d1da                __isr_5
                0x0000d1da                timera1
 .text.clock_time
                0x0000d2d8       0x1a contiki-sky.a(clock.o)
                0x0000d2d8                clock_time
 .text.clock_init
                0x0000d2f2       0x28 contiki-sky.a(clock.o)
                0x0000d2f2                clock_init
 .text.clock_delay
                0x0000d31a        0xc contiki-sky.a(clock.o)
                0x0000d31a                clock_delay
 .text.clock_seconds
                0x0000d326       0x1a contiki-sky.a(clock.o)
                0x0000d326                clock_seconds
 .text.show_leds
                0x0000d340      0x100 contiki-sky.a(leds.o)
 .text.leds_init
                0x0000d440        0xe contiki-sky.a(leds.o)
                0x0000d440                leds_init
 .text.leds_on  0x0000d44e       0x14 contiki-sky.a(leds.o)
                0x0000d44e                leds_on
 .text.leds_off
                0x0000d462       0x14 contiki-sky.a(leds.o)
                0x0000d462                leds_off
 .text.leds_arch_init
                0x0000d476        0xe contiki-sky.a(leds-arch.o)
                0x0000d476                leds_arch_init
 .text.leds_arch_set
                0x0000d484       0x38 contiki-sky.a(leds-arch.o)
                0x0000d484                leds_arch_set
 .text.watchdog_interrupt
                0x0000d4bc        0x6 contiki-sky.a(watchdog.o)
                0x0000d4bc                __isr_10
                0x0000d4bc                watchdog_interrupt
 .text.watchdog_start
                0x0000d4c2       0x14 contiki-sky.a(watchdog.o)
                0x0000d4c2                watchdog_start
 .text.watchdog_periodic
                0x0000d4d6       0x12 contiki-sky.a(watchdog.o)
                0x0000d4d6                watchdog_periodic
 .text.watchdog_stop
                0x0000d4e8       0x16 contiki-sky.a(watchdog.o)
                0x0000d4e8                watchdog_stop
 .text.watchdog_init
                0x0000d4fe       0x12 contiki-sky.a(watchdog.o)
                0x0000d4fe                watchdog_init
 .text.rtimer_arch_init
                0x0000d510        0xe contiki-sky.a(rtimer-arch.o)
                0x0000d510                rtimer_arch_init
 .text.rtimer_arch_now
                0x0000d51e        0xe contiki-sky.a(rtimer-arch.o)
                0x0000d51e                rtimer_arch_now
 .text.timera0  0x0000d52c       0x70 contiki-sky.a(rtimer-arch.o)
                0x0000d52c                __isr_6
                0x0000d52c                timera0
 .text.rtimer_arch_schedule
                0x0000d59c        0x6 contiki-sky.a(rtimer-arch.o)
                0x0000d59c                rtimer_arch_schedule
 .text.mac_call_sent_callback
                0x0000d5a2       0x14 contiki-sky.a(mac.o)
                0x0000d5a2                mac_call_sent_callback
 .text.create   0x0000d5b6      0x10a contiki-sky.a(framer-802154.o)
 .text.parse    0x0000d6c0       0xac contiki-sky.a(framer-802154.o)
 .text.rpl_purge_routes
                0x0000d76c       0x96 contiki-sky.a(rpl.o)
                0x0000d76c                rpl_purge_routes
 .text.rpl_remove_routes
                0x0000d802       0x22 contiki-sky.a(rpl.o)
                0x0000d802                rpl_remove_routes
 .text.rpl_remove_routes_by_nexthop
                0x0000d824       0x46 contiki-sky.a(rpl.o)
                0x0000d824                rpl_remove_routes_by_nexthop
 .text.rpl_add_route
                0x0000d86a       0x48 contiki-sky.a(rpl.o)
                0x0000d86a                rpl_add_route
 .text.rpl_link_neighbor_callback
                0x0000d8b2       0x6a contiki-sky.a(rpl.o)
                0x0000d8b2                rpl_link_neighbor_callback
 .text.rpl_ipv6_neighbor_callback
                0x0000d91c       0x1e contiki-sky.a(rpl.o)
                0x0000d91c                rpl_ipv6_neighbor_callback
 .text.rpl_init
                0x0000d93a       0x40 contiki-sky.a(rpl.o)
                0x0000d93a                rpl_init
 .text.rpl_verify_header
                0x0000d97a       0xb4 contiki-sky.a(rpl-ext-header.)
                0x0000d97a                rpl_verify_header
 .text.rpl_update_header_empty
                0x0000da2e       0xf8 contiki-sky.a(rpl-ext-header.)
                0x0000da2e                rpl_update_header_empty
 .text.rpl_update_header_final
                0x0000db26       0x88 contiki-sky.a(rpl-ext-header.)
                0x0000db26                rpl_update_header_final
 .text.rpl_invert_header
                0x0000dbae       0x4e contiki-sky.a(rpl-ext-header.)
                0x0000dbae                rpl_invert_header
 .text.rpl_insert_header
                0x0000dbfc       0x1c contiki-sky.a(rpl-ext-header.)
                0x0000dbfc                rpl_insert_header
 .text.spi_init
                0x0000dc18       0x30 contiki-sky.a(spi.o)
                0x0000dc18                spi_init
 .text.field_len
                0x0000dc48       0x90 contiki-sky.a(frame802154.o)
 .text.frame802154_hdrlen
                0x0000dcd8       0x2e contiki-sky.a(frame802154.o)
                0x0000dcd8                frame802154_hdrlen
 .text.frame802154_create
                0x0000dd06      0x172 contiki-sky.a(frame802154.o)
                0x0000dd06                frame802154_create
 .text.frame802154_parse
                0x0000de78      0x1c4 contiki-sky.a(frame802154.o)
                0x0000de78                frame802154_parse
 .text.libgcc   0x0000e03c       0x2c /usr/local/msp430/bin/../lib/gcc/msp430/4.7.0/mmpy-16/libgcc.a(_mulsi3.o)
                0x0000e03c                __mulsi3
 .text.libgcc   0x0000e068       0x22 /usr/local/msp430/bin/../lib/gcc/msp430/4.7.0/mmpy-16/libgcc.a(_udivmod16.o)
                0x0000e068                __udivhi3
                0x0000e068                __ext_udivmod16
                0x0000e082                __umodhi3
 .text.libgcc   0x0000e08a       0x3a /usr/local/msp430/bin/../lib/gcc/msp430/4.7.0/mmpy-16/libgcc.a(_divmod16.o)
                0x0000e08a                __ext_divmod16
                0x0000e08a                __divhi3
                0x0000e0bc                __modhi3
 .text.libgcc   0x0000e0c4       0x40 /usr/local/msp430/bin/../lib/gcc/msp430/4.7.0/mmpy-16/libgcc.a(_udivmod32.o)
                0x0000e0c4                __udivsi3
                0x0000e0c4                __ext_udivmod32
                0x0000e0fa                __umodsi3
 .text.printf   0x0000e104       0x10 /usr/local/msp430/bin/../lib/gcc/msp430/4.7.0/../../../../msp430/lib/mmpy-16/libc.a(printf.o)
                0x0000e104                printf
 .text.print_field
                0x0000e114      0x194 /usr/local/msp430/bin/../lib/gcc/msp430/4.7.0/../../../../msp430/lib/mmpy-16/libc.a(vuprintf.o)
 .text.vuprintf
                0x0000e2a8      0x63c /usr/local/msp430/bin/../lib/gcc/msp430/4.7.0/../../../../msp430/lib/mmpy-16/libc.a(vuprintf.o)
                0x0000e2a8                vuprintf
 .text.puts     0x0000e8e4       0x2c /usr/local/msp430/bin/../lib/gcc/msp430/4.7.0/../../../../msp430/lib/mmpy-16/libc.a(puts.o)
                0x0000e8e4                puts
 .text.rand     0x0000e910       0x26 /usr/local/msp430/bin/../lib/gcc/msp430/4.7.0/../../../../msp430/lib/mmpy-16/libc.a(rand.o)
                0x0000e910                rand
 .text.srand    0x0000e936        0xa /usr/local/msp430/bin/../lib/gcc/msp430/4.7.0/../../../../msp430/lib/mmpy-16/libc.a(rand.o)
                0x0000e936                srand
 .text.strncmp  0x0000e940       0x2a /usr/local/msp430/bin/../lib/gcc/msp430/4.7.0/../../../../msp430/lib/mmpy-16/libc.a(strncmp.o)
                0x0000e940                strncmp
 .text.memcmp   0x0000e96a       0x30 /usr/local/msp430/bin/../lib/gcc/msp430/4.7.0/../../../../msp430/lib/mmpy-16/libc.a(memcmp.o)
                0x0000e96a                memcmp
 .text.memcpy   0x0000e99a       0xfa /usr/local/msp430/bin/../lib/gcc/msp430/4.7.0/../../../../msp430/lib/mmpy-16/libc.a(memcpy.o)
                0x0000e99a                memcpy
 .text.memmove  0x0000ea94       0xfa /usr/local/msp430/bin/../lib/gcc/msp430/4.7.0/../../../../msp430/lib/mmpy-16/libc.a(memmove.o)
                0x0000ea94                memmove
 .text.memset   0x0000eb8e       0x6a /usr/local/msp430/bin/../lib/gcc/msp430/4.7.0/../../../../msp430/lib/mmpy-16/libc.a(memset.o)
                0x0000eb8e                memset
 .text.libgcc   0x0000ebf8       0xf0 /usr/local/msp430/bin/../lib/gcc/msp430/4.7.0/mmpy-16/libgcc.a(_udivmod64.o)
                0x0000ebf8                __xabi_udivmod64
                0x0000ec56                __udivdi3
                0x0000ec7c                __umoddi3
                0x0000ecaa                __udivmoddi4
 .text.crt0     0x0000ece8        0x2 /usr/local/msp430/bin/../lib/gcc/msp430/4.7.0/mmpy-16/libcrt0.a(_unexpected_.o)
                0x0000ece8                _unexpected_
 *(.near.text .near.text.*)

.rodata         0x0000ecec      0x3f3
                0x0000ecec                . = ALIGN (0x2)
 *(.rodata .rodata.* .gnu.linkonce.r.*)
 .rodata        0x0000ecec      0x104 udp-sink.co
                0x0000edd6                autostart_processes
 .rodata        0x0000edf0       0xce obj_sky/collect-common.o
 .rodata        0x0000eebe      0x10b obj_sky/contiki-sky-main.o
 *fill*         0x0000efc9        0x1 00
 .rodata        0x0000efca        0x8 contiki-sky.a(rimeaddr.o)
                0x0000efca                rimeaddr_null
 .rodata        0x0000efd2       0x14 contiki-sky.a(csma.o)
                0x0000efd8                csma_driver
 .rodata        0x0000efe6       0x1c contiki-sky.a(contikimac.o)
                0x0000eff2                contikimac_driver
 .rodata        0x0000f002        0xe contiki-sky.a(serial-line.o)
 .rodata        0x0000f010        0xc contiki-sky.a(etimer.o)
 .rodata        0x0000f01c        0xf contiki-sky.a(ctimer.o)
 *fill*         0x0000f02b        0x1 00
 .rodata        0x0000f02c       0x24 contiki-sky.a(sicslowpan.o)
                0x0000f038                sicslowpan_driver
                0x0000f03e                llprefix
                0x0000f040                unc_mxconf
                0x0000f044                unc_ctxconf
                0x0000f048                unc_llconf
 .rodata        0x0000f050        0xd contiki-sky.a(tcpip.o)
 .rodata        0x0000f05d       0x1a contiki-sky.a(uip-debug.o)
 *fill*         0x0000f077        0x1 00
 .rodata.uip_process
                0x0000f078       0x20 contiki-sky.a(uip6.o)
 .rodata        0x0000f098       0x10 contiki-sky.a(button-sensor.o)
                0x0000f0a0                button_sensor
 .rodata        0x0000f0a8        0x8 contiki-sky.a(sensors.o)
 .rodata        0x0000f0b0       0x22 contiki-sky.a(cc2420.o)
                0x0000f0b0                cc2420_driver
 .rodata        0x0000f0d2        0x4 contiki-sky.a(framer-802154.o)
                0x0000f0d2                framer_802154
 .rodata        0x0000f0d6        0x2 contiki-sky.a(frame802154.o)
 .rodata.vuprintf
                0x0000f0d8        0x7 /usr/local/msp430/bin/../lib/gcc/msp430/4.7.0/../../../../msp430/lib/mmpy-16/libc.a(vuprintf.o)
 *(.near.rodata .near.rodata.*)
                0x0000f0e0                . = ALIGN (0x2)
                0x0000f0e0                _etext = .

.data           0x00001100       0xde load address 0x0000f0e0
                0x00001100                . = ALIGN (0x2)
                0x00001100                __data_start = .
 *(.data .data.* .gnu.linkonce.d.*)
 .data          0x00001100        0xa udp-sink.co
                0x00001100                udp_server_process
 .data          0x0000110a        0xc obj_sky/collect-common.o
                0x0000110a                collect_common_process
 .data          0x00001116       0x18 contiki-sky.a(csma.o)
 .data          0x0000112e       0x10 contiki-sky.a(phase.o)
 .data          0x0000113e        0x8 contiki-sky.a(rpl-dag.o)
 .data          0x00001146        0x1 contiki-sky.a(rpl-icmp6.o)
 *fill*         0x00001147        0x1 00
 .data          0x00001148        0xe contiki-sky.a(rpl-mrhof.o)
                0x00001148                rpl_mrhof
 .data          0x00001156        0xa contiki-sky.a(serial-line.o)
                0x00001156                serial_line_process
 .data          0x00001160        0xa contiki-sky.a(etimer.o)
                0x00001160                etimer_process
 .data          0x0000116a        0xa contiki-sky.a(ctimer.o)
                0x0000116a                ctimer_process
 .data          0x00001174        0x8 contiki-sky.a(nbr-table.o)
 .data          0x0000117c       0x18 contiki-sky.a(queuebuf.o)
 .data          0x00001194        0xa contiki-sky.a(tcpip.o)
                0x00001194                tcpip_process
 .data          0x0000119e       0x18 contiki-sky.a(uip-ds6-route.o)
 .data          0x000011b6        0xa contiki-sky.a(uip-ds6-nbr.o)
                0x000011b6                ds6_neighbors
 .data          0x000011c0        0x4 contiki-sky.a(contiki-sky-pla)
                0x000011c0                sensors
 .data          0x000011c4        0xa contiki-sky.a(sensors.o)
                0x000011c4                sensors_process
 .data          0x000011ce        0xa contiki-sky.a(cc2420.o)
                0x000011ce                cc2420_process
 .data          0x000011d8        0x2 contiki-sky.a(msp430.o)
 .data.next     0x000011da        0x4 /usr/local/msp430/bin/../lib/gcc/msp430/4.7.0/../../../../msp430/lib/mmpy-16/libc.a(rand.o)
 *(.near.data .near.data.*)
                0x000011de                . = ALIGN (0x2)
                0x000011de                _edata = .
                0x0000f0e0                __data_load_start = LOADADDR (.data)
                0x000000de                __data_size = SIZEOF (.data)

.bss            0x000011de     0x1cf4 load address 0x0000f1be
                0x000011de                __bss_start = .
 *(.bss .bss.*)
 .bss           0x000011de        0x2 udp-sink.co
 .bss           0x000011e0       0x1c obj_sky/collect-common.o
 .bss           0x000011fc        0xc obj_sky/contiki-sky-main.o
 .bss           0x00001208       0xc2 contiki-sky.a(csma.o)
 .bss           0x000012ca       0xd4 contiki-sky.a(contikimac.o)
 .bss           0x0000139e      0x1d8 contiki-sky.a(phase.o)
 .bss           0x00001576       0xc8 contiki-sky.a(rpl-dag.o)
 .bss           0x0000163e       0x18 contiki-sky.a(rpl-timers.o)
 .bss           0x00001656       0x42 contiki-sky.a(process.o)
                0x00001656                process_current
                0x00001658                process_list
 .bss           0x00001698        0x8 contiki-sky.a(compower.o)
 .bss           0x000016a0      0x10a contiki-sky.a(serial-line.o)
 .bss           0x000017aa        0x6 contiki-sky.a(etimer.o)
 .bss           0x000017b0        0x4 contiki-sky.a(ctimer.o)
 .bss           0x000017b4        0x2 contiki-sky.a(rtimer.o)
 .bss           0x000017b6      0x118 contiki-sky.a(nbr-table.o)
 .bss           0x000018ce       0xba contiki-sky.a(packetbuf.o)
 .bss           0x00001988      0x71e contiki-sky.a(queuebuf.o)
 .bss           0x000020a6      0x122 contiki-sky.a(sicslowpan.o)
 .bss           0x000021c8       0x36 contiki-sky.a(tcpip.o)
 .bss           0x000021fe      0x2fc contiki-sky.a(uip-ds6-route.o)
 .bss           0x000024fa      0x2d0 contiki-sky.a(uip-ds6-nbr.o)
 .bss           0x000027ca       0x18 contiki-sky.a(uip-ds6.o)
 .bss           0x000027e2       0x10 contiki-sky.a(uip-icmp6.o)
 .bss           0x000027f2        0xa contiki-sky.a(uip-nd6.o)
 .bss           0x000027fc        0xe contiki-sky.a(uip6.o)
                0x000027fc                uip_ext_opt_offset
                0x000027fd                uip_ext_len
                0x000027fe                uip_ext_bitmap
 .bss           0x0000280a        0x8 contiki-sky.a(button-sensor.o)
 .bss           0x00002812        0x2 contiki-sky.a(node-id.o)
                0x00002812                node_id
 .bss           0x00002814        0x6 contiki-sky.a(sensors.o)
 .bss           0x0000281a        0xa contiki-sky.a(cc2420.o)
 .bss           0x00002824       0x9a contiki-sky.a(uart1.o)
 .bss           0x000028be        0xa contiki-sky.a(clock.o)
 .bss           0x000028c8        0x2 contiki-sky.a(leds.o)
 .bss           0x000028ca        0x2 contiki-sky.a(watchdog.o)
 .bss           0x000028cc        0x2 contiki-sky.a(framer-802154.o)
 *(.near.bss .near.bss.*)
 *(COMMON)
 COMMON         0x000028ce        0x8 contiki-sky.a(rimeaddr.o)
                0x000028ce                rimeaddr_node_addr
 COMMON         0x000028d6       0xbe contiki-sky.a(rpl-dag.o)
                0x000028d6                default_instance
                0x000028d8                instance_table
 COMMON         0x00002994        0x1 contiki-sky.a(process.o)
                0x00002994                process_maxevents
 *fill*         0x00002995        0x1 00
 COMMON         0x00002996        0x8 contiki-sky.a(compower.o)
                0x00002996                compower_idle_activity
 COMMON         0x0000299e        0x1 contiki-sky.a(serial-line.o)
                0x0000299e                serial_line_event_message
 *fill*         0x0000299f        0x1 00
 COMMON         0x000029a0       0x56 contiki-sky.a(energest.o)
                0x000029a0                energest_total_time
                0x000029d0                energest_total_count
                0x000029d2                energest_current_mode
                0x000029de                energest_current_time
 COMMON         0x000029f6       0x50 contiki-sky.a(packetbuf.o)
                0x000029f6                packetbuf_addrs
                0x00002a16                packetbuf_attrs
 COMMON         0x00002a46        0x8 contiki-sky.a(sicslowpan.o)
                0x00002a46                frag_sender
 COMMON         0x00002a4e        0x1 contiki-sky.a(tcpip.o)
                0x00002a4e                tcpip_event
 *fill*         0x00002a4f        0x1 00
 COMMON         0x00002a50      0x15c contiki-sky.a(uip-ds6.o)
                0x00002a50                uip_ds6_timer_ra
                0x00002a58                uip_ds6_if
                0x00002b44                uip_ds6_netif_addr_list_offset
                0x00002b45                uip_ds6_addr_size
                0x00002b46                uip_ds6_prefix_list
                0x00002ba0                uip_ds6_timer_periodic
 COMMON         0x00002bac      0x304 contiki-sky.a(uip6.o)
                0x00002bac                uip_len
                0x00002bae                uip_sappdata
                0x00002bb0                uip_acc32
                0x00002bb4                uip_lladdr
                0x00002bbc                uip_aligned_buf
                0x00002cac                uip_flags
                0x00002cae                uip_next_hdr
                0x00002cb0                uip_udp_conn
                0x00002cb2                uip_appdata
                0x00002cb4                uip_conn
                0x00002cb6                uip_conns
                0x00002d66                uip_listenports
                0x00002d76                uip_slen
                0x00002d78                uip_udp_conns
 COMMON         0x00002eb0        0x2 contiki-sky.a(contiki-sky-pla)
                0x00002eb0                sensors_flags
 COMMON         0x00002eb2        0x8 contiki-sky.a(ds2411.o)
                0x00002eb2                ds2411_id
 COMMON         0x00002eba        0x1 contiki-sky.a(sensors.o)
                0x00002eba                sensors_event
 *fill*         0x00002ebb        0x1 00
 COMMON         0x00002ebc       0x14 contiki-sky.a(cc2420.o)
                0x00002ebc                cc2420_last_rssi
                0x00002ebe                cc2420_packets_read
                0x00002ec0                cc2420_packets_seen
                0x00002ec2                cc2420_sfd_start_time
                0x00002ec4                cc2420_time_of_departure
                0x00002ec6                cc2420_time_of_arrival
                0x00002ec8                cc2420_last_correlation
                0x00002eca                cc2420_authority_level_of_sender
                0x00002ecc                cc2420_sfd_counter
                0x00002ece                cc2420_sfd_end_time
 COMMON         0x00002ed0        0x2 contiki-sky.a(msp430.o)
                0x00002ed0                msp430_dco_required
                0x00002ed2                . = ALIGN (0x2)
                0x00002ed2                __bss_end = .
                0x00001cf4                __bss_size = SIZEOF (.bss)

.noinit         0x00002ed2        0x2 load address 0x0000f1be
                0x00002ed2                . = ALIGN (0x2)
                0x00002ed2                __noinit_start = .
 *(.noinit .noinit.*)
 .noinit.crt0   0x00002ed2        0x2 /usr/local/msp430/bin/../lib/gcc/msp430/4.7.0/mmpy-16/libcrt0.a(__watchdog_support.o)
                0x00002ed2                __wdt_clear_value
                0x00002ed4                . = ALIGN (0x2)
                0x00002ed4                __noinit_end = .
                0x00002ed4                . = ALIGN (0x2)
                0x00002ed4                _end = .

.infomem        0x00001000        0x0
                0x00001000                . = ALIGN (0x2)
 *(.infomem .infomem.*)

.infomemnobits  0x00001000        0x0
                0x00001000                . = ALIGN (0x2)
 *(.infomemnobits .infomemnobits.*)

.infoa          0x00001080        0x0
                0x00001080                . = ALIGN (0x2)
 *(.infoa .infoa.*)

.infob          0x00001000        0x0
                0x00001000                . = ALIGN (0x2)
 *(.infob .infob.*)

.infoc          0x00000000        0x0
                0x00000000                . = ALIGN (0x2)
 *(.infoc .infoc.*)

.infod          0x00000000        0x0
                0x00000000                . = ALIGN (0x2)
 *(.infod .infod.*)

.vectors        0x0000ffe0       0x20
                0x0000ffe0                __vectors_start = .
 *(.vectors*)
 .vectors       0x0000ffe0       0x20 /usr/local/msp430/bin/../lib/gcc/msp430/4.7.0/mmpy-16/crt0ivtbl16.o
                0x0000ffe0                __ivtbl_16
                0x00010000                _vectors_end = .

.fartext        0x00000000        0x0
                0x00000000                . = ALIGN (0x2)
 *(.fartext .fartext.*)

.far.text       0x00000000        0x0
                0x00000000                . = ALIGN (0x2)
 *(.far.text .far.text.*)

.far.rodata     0x00000000        0x0
                0x00000000                . = ALIGN (0x2)
 *(.far.rodata .far.rodata.*)
                0x00000000                . = ALIGN (0x2)
                0x00000000                _efartext = .

.far.data       0x00000000        0x0
                0x00000000                . = ALIGN (0x2)
                0x00000000                __far_data_start = .
 *(.far.data .far.data.*)
                0x00000000                . = ALIGN (0x2)
                0x00000000                _efardata = .
                0x00000000                __far_data_load_start = LOADADDR (.far.data)
                0x00000000                __far_data_size = SIZEOF (.far.data)

.far.bss        0x00000000        0x0
                0x00000000                . = ALIGN (0x2)
                0x00000000                __far_bss_start = .
 *(.far.bss .far.bss.*)
                0x00000000                . = ALIGN (0x2)
                0x00000000                __far_bss_end = .
                0x00000000                __far_bss_size = SIZEOF (.far.bss)
                0x00000000                . = ALIGN (0x2)
                0x00000000                _far_end = .

.profiler
 *(.profiler)

.stab
 *(.stab)

.stabstr
 *(.stabstr)

.stab.excl
 *(.stab.excl)

.stab.exclstr
 *(.stab.exclstr)

.stab.index
 *(.stab.index)

.stab.indexstr
 *(.stab.indexstr)

.comment        0x00000000       0x30
 *(.comment)
 .comment       0x00000000       0x30 udp-sink.co
                                 0x31 (size before relaxing)
 .comment       0x00000000       0x31 obj_sky/collect-common.o
 .comment       0x00000000       0x31 obj_sky/contiki-sky-main.o
 .comment       0x00000000       0x31 contiki-sky.a(rimeaddr.o)
 .comment       0x00000000       0x31 contiki-sky.a(csma.o)
 .comment       0x00000000       0x31 contiki-sky.a(contikimac.o)
 .comment       0x00000000       0x31 contiki-sky.a(phase.o)
 .comment       0x00000000       0x31 contiki-sky.a(rpl-dag.o)
 .comment       0x00000000       0x31 contiki-sky.a(rpl-icmp6.o)
 .comment       0x00000000       0x31 contiki-sky.a(rpl-timers.o)
 .comment       0x00000000       0x31 contiki-sky.a(rpl-mrhof.o)
 .comment       0x00000000       0x31 contiki-sky.a(process.o)
 .comment       0x00000000       0x31 contiki-sky.a(autostart.o)
 .comment       0x00000000       0x31 contiki-sky.a(compower.o)
 .comment       0x00000000       0x31 contiki-sky.a(serial-line.o)
 .comment       0x00000000       0x31 contiki-sky.a(memb.o)
 .comment       0x00000000       0x31 contiki-sky.a(timer.o)
 .comment       0x00000000       0x31 contiki-sky.a(list.o)
 .comment       0x00000000       0x31 contiki-sky.a(etimer.o)
 .comment       0x00000000       0x31 contiki-sky.a(ctimer.o)
 .comment       0x00000000       0x31 contiki-sky.a(energest.o)
 .comment       0x00000000       0x31 contiki-sky.a(rtimer.o)
 .comment       0x00000000       0x31 contiki-sky.a(stimer.o)
 .comment       0x00000000       0x31 contiki-sky.a(random.o)
 .comment       0x00000000       0x31 contiki-sky.a(ringbuf.o)
 .comment       0x00000000       0x31 contiki-sky.a(nbr-table.o)
 .comment       0x00000000       0x31 contiki-sky.a(packetbuf.o)
 .comment       0x00000000       0x31 contiki-sky.a(queuebuf.o)
 .comment       0x00000000       0x31 contiki-sky.a(sicslowpan.o)
 .comment       0x00000000       0x31 contiki-sky.a(tcpip.o)
 .comment       0x00000000       0x31 contiki-sky.a(uip-debug.o)
 .comment       0x00000000       0x31 contiki-sky.a(uip-ds6-route.o)
 .comment       0x00000000       0x31 contiki-sky.a(uip-ds6-nbr.o)
 .comment       0x00000000       0x31 contiki-sky.a(uip-ds6.o)
 .comment       0x00000000       0x31 contiki-sky.a(uip-icmp6.o)
 .comment       0x00000000       0x31 contiki-sky.a(uip-nd6.o)
 .comment       0x00000000       0x31 contiki-sky.a(uip6.o)
 .comment       0x00000000       0x31 contiki-sky.a(contiki-sky-pla)
 .comment       0x00000000       0x31 contiki-sky.a(button-sensor.o)
 .comment       0x00000000       0x31 contiki-sky.a(ds2411.o)
 .comment       0x00000000       0x31 contiki-sky.a(xmem.o)
 .comment       0x00000000       0x31 contiki-sky.a(node-id.o)
 .comment       0x00000000       0x31 contiki-sky.a(sensors.o)
 .comment       0x00000000       0x31 contiki-sky.a(cc2420.o)
 .comment       0x00000000       0x31 contiki-sky.a(cc2420-arch.o)
 .comment       0x00000000       0x31 contiki-sky.a(uart1.o)
 .comment       0x00000000       0x31 contiki-sky.a(uart1-putchar.o)
 .comment       0x00000000       0x31 contiki-sky.a(msp430.o)
 .comment       0x00000000       0x31 contiki-sky.a(clock.o)
 .comment       0x00000000       0x31 contiki-sky.a(leds.o)
 .comment       0x00000000       0x31 contiki-sky.a(leds-arch.o)
 .comment       0x00000000       0x31 contiki-sky.a(watchdog.o)
 .comment       0x00000000       0x31 contiki-sky.a(rtimer-arch.o)
 .comment       0x00000000       0x31 contiki-sky.a(mac.o)
 .comment       0x00000000       0x31 contiki-sky.a(framer-802154.o)
 .comment       0x00000000       0x31 contiki-sky.a(rpl.o)
 .comment       0x00000000       0x31 contiki-sky.a(rpl-ext-header.)
 .comment       0x00000000       0x31 contiki-sky.a(spi.o)
 .comment       0x00000000       0x31 contiki-sky.a(frame802154.o)
 .comment       0x00000000       0x31 /usr/local/msp430/bin/../lib/gcc/msp430/4.7.0/../../../../msp430/lib/mmpy-16/libc.a(printf.o)
 .comment       0x00000000       0x31 /usr/local/msp430/bin/../lib/gcc/msp430/4.7.0/../../../../msp430/lib/mmpy-16/libc.a(vuprintf.o)
 .comment       0x00000000       0x31 /usr/local/msp430/bin/../lib/gcc/msp430/4.7.0/../../../../msp430/lib/mmpy-16/libc.a(puts.o)
 .comment       0x00000000       0x31 /usr/local/msp430/bin/../lib/gcc/msp430/4.7.0/../../../../msp430/lib/mmpy-16/libc.a(rand.o)
 .comment       0x00000000       0x31 /usr/local/msp430/bin/../lib/gcc/msp430/4.7.0/../../../../msp430/lib/mmpy-16/libc.a(strncmp.o)
 .comment       0x00000000       0x31 /usr/local/msp430/bin/../lib/gcc/msp430/4.7.0/../../../../msp430/lib/mmpy-16/libc.a(memcmp.o)
 .comment       0x00000000       0x31 /usr/local/msp430/bin/../lib/gcc/msp430/4.7.0/../../../../msp430/lib/mmpy-16/libc.a(memcpy.o)
 .comment       0x00000000       0x31 /usr/local/msp430/bin/../lib/gcc/msp430/4.7.0/../../../../msp430/lib/mmpy-16/libc.a(memmove.o)
 .comment       0x00000000       0x31 /usr/local/msp430/bin/../lib/gcc/msp430/4.7.0/../../../../msp430/lib/mmpy-16/libc.a(memset.o)

.debug
 *(.debug)

.line
 *(.line)

.debug_srcinfo
 *(.debug_srcinfo)

.debug_sfnames
 *(.debug_sfnames)

.debug_aranges  0x00000000      0x1b4
 *(.debug_aranges)
 .debug_aranges
                0x00000000       0x14 /usr/local/msp430/bin/../lib/gcc/msp430/4.7.0/mmpy-16/crt0ivtbl16.o
 .debug_aranges
                0x00000014       0x14 /usr/local/msp430/bin/../lib/gcc/msp430/4.7.0/mmpy-16/libgcc.a(_mulsi3.o)
 .debug_aranges
                0x00000028       0x14 /usr/local/msp430/bin/../lib/gcc/msp430/4.7.0/mmpy-16/libgcc.a(_udivmod16.o)
 .debug_aranges
                0x0000003c       0x14 /usr/local/msp430/bin/../lib/gcc/msp430/4.7.0/mmpy-16/libgcc.a(_divmod16.o)
 .debug_aranges
                0x00000050       0x14 /usr/local/msp430/bin/../lib/gcc/msp430/4.7.0/mmpy-16/libgcc.a(_udivmod32.o)
 .debug_aranges
                0x00000064       0x18 /usr/local/msp430/bin/../lib/gcc/msp430/4.7.0/../../../../msp430/lib/mmpy-16/libc.a(printf.o)
 .debug_aranges
                0x0000007c       0x18 /usr/local/msp430/bin/../lib/gcc/msp430/4.7.0/../../../../msp430/lib/mmpy-16/libc.a(vuprintf.o)
 .debug_aranges
                0x00000094       0x14 /usr/local/msp430/bin/../lib/gcc/msp430/4.7.0/../../../../msp430/lib/mmpy-16/libc.a(puts.o)
 .debug_aranges
                0x000000a8       0x1c /usr/local/msp430/bin/../lib/gcc/msp430/4.7.0/../../../../msp430/lib/mmpy-16/libc.a(rand.o)
 .debug_aranges
                0x000000c4       0x14 /usr/local/msp430/bin/../lib/gcc/msp430/4.7.0/../../../../msp430/lib/mmpy-16/libc.a(strncmp.o)
 .debug_aranges
                0x000000d8       0x14 /usr/local/msp430/bin/../lib/gcc/msp430/4.7.0/../../../../msp430/lib/mmpy-16/libc.a(memcmp.o)
 .debug_aranges
                0x000000ec       0x14 /usr/local/msp430/bin/../lib/gcc/msp430/4.7.0/../../../../msp430/lib/mmpy-16/libc.a(memcpy.o)
 .debug_aranges
                0x00000100       0x14 /usr/local/msp430/bin/../lib/gcc/msp430/4.7.0/../../../../msp430/lib/mmpy-16/libc.a(memmove.o)
 .debug_aranges
                0x00000114       0x14 /usr/local/msp430/bin/../lib/gcc/msp430/4.7.0/../../../../msp430/lib/mmpy-16/libc.a(memset.o)
 .debug_aranges
                0x00000128       0x14 /usr/local/msp430/bin/../lib/gcc/msp430/4.7.0/mmpy-16/libgcc.a(_udivmod64.o)
 .debug_aranges
                0x0000013c       0x14 /usr/local/msp430/bin/../lib/gcc/msp430/4.7.0/mmpy-16/libcrt0.a(__watchdog_support.o)
 .debug_aranges
                0x00000150       0x14 /usr/local/msp430/bin/../lib/gcc/msp430/4.7.0/mmpy-16/libcrt0.a(__init_stack.o)
 .debug_aranges
                0x00000164       0x14 /usr/local/msp430/bin/../lib/gcc/msp430/4.7.0/mmpy-16/libcrt0.a(_copy_data.o)
 .debug_aranges
                0x00000178       0x14 /usr/local/msp430/bin/../lib/gcc/msp430/4.7.0/mmpy-16/libcrt0.a(_clear_bss.o)
 .debug_aranges
                0x0000018c       0x14 /usr/local/msp430/bin/../lib/gcc/msp430/4.7.0/mmpy-16/libcrt0.a(_endless_loop__.o)
 .debug_aranges
                0x000001a0       0x14 /usr/local/msp430/bin/../lib/gcc/msp430/4.7.0/mmpy-16/libcrt0.a(_unexpected_.o)

.debug_pubnames
 *(.debug_pubnames)

.debug_info     0x00000000     0x157c
 *(.debug_info)
 .debug_info    0x00000000       0x9b /usr/local/msp430/bin/../lib/gcc/msp430/4.7.0/mmpy-16/crt0ivtbl16.o
 .debug_info    0x0000009b       0x98 /usr/local/msp430/bin/../lib/gcc/msp430/4.7.0/mmpy-16/libgcc.a(_mulsi3.o)
 .debug_info    0x00000133       0x98 /usr/local/msp430/bin/../lib/gcc/msp430/4.7.0/mmpy-16/libgcc.a(_udivmod16.o)
 .debug_info    0x000001cb       0x98 /usr/local/msp430/bin/../lib/gcc/msp430/4.7.0/mmpy-16/libgcc.a(_divmod16.o)
 .debug_info    0x00000263       0x98 /usr/local/msp430/bin/../lib/gcc/msp430/4.7.0/mmpy-16/libgcc.a(_udivmod32.o)
 .debug_info    0x000002fb      0x16e /usr/local/msp430/bin/../lib/gcc/msp430/4.7.0/../../../../msp430/lib/mmpy-16/libc.a(printf.o)
 .debug_info    0x00000469      0x5d4 /usr/local/msp430/bin/../lib/gcc/msp430/4.7.0/../../../../msp430/lib/mmpy-16/libc.a(vuprintf.o)
 .debug_info    0x00000a3d       0xc7 /usr/local/msp430/bin/../lib/gcc/msp430/4.7.0/../../../../msp430/lib/mmpy-16/libc.a(puts.o)
 .debug_info    0x00000b04      0x146 /usr/local/msp430/bin/../lib/gcc/msp430/4.7.0/../../../../msp430/lib/mmpy-16/libc.a(rand.o)
 .debug_info    0x00000c4a       0xc2 /usr/local/msp430/bin/../lib/gcc/msp430/4.7.0/../../../../msp430/lib/mmpy-16/libc.a(strncmp.o)
 .debug_info    0x00000d0c       0xe5 /usr/local/msp430/bin/../lib/gcc/msp430/4.7.0/../../../../msp430/lib/mmpy-16/libc.a(memcmp.o)
 .debug_info    0x00000df1      0x12c /usr/local/msp430/bin/../lib/gcc/msp430/4.7.0/../../../../msp430/lib/mmpy-16/libc.a(memcpy.o)
 .debug_info    0x00000f1d      0x12c /usr/local/msp430/bin/../lib/gcc/msp430/4.7.0/../../../../msp430/lib/mmpy-16/libc.a(memmove.o)
 .debug_info    0x00001049      0x117 /usr/local/msp430/bin/../lib/gcc/msp430/4.7.0/../../../../msp430/lib/mmpy-16/libc.a(memset.o)
 .debug_info    0x00001160       0x98 /usr/local/msp430/bin/../lib/gcc/msp430/4.7.0/mmpy-16/libgcc.a(_udivmod64.o)
 .debug_info    0x000011f8       0x96 /usr/local/msp430/bin/../lib/gcc/msp430/4.7.0/mmpy-16/libcrt0.a(__watchdog_support.o)
 .debug_info    0x0000128e       0x96 /usr/local/msp430/bin/../lib/gcc/msp430/4.7.0/mmpy-16/libcrt0.a(__init_stack.o)
 .debug_info    0x00001324       0x96 /usr/local/msp430/bin/../lib/gcc/msp430/4.7.0/mmpy-16/libcrt0.a(_copy_data.o)
 .debug_info    0x000013ba       0x96 /usr/local/msp430/bin/../lib/gcc/msp430/4.7.0/mmpy-16/libcrt0.a(_clear_bss.o)
 .debug_info    0x00001450       0x96 /usr/local/msp430/bin/../lib/gcc/msp430/4.7.0/mmpy-16/libcrt0.a(_endless_loop__.o)
 .debug_info    0x000014e6       0x96 /usr/local/msp430/bin/../lib/gcc/msp430/4.7.0/mmpy-16/libcrt0.a(_unexpected_.o)
 *(.gnu.linkonce.wi.*)

.debug_abbrev   0x00000000      0x8cd
 *(.debug_abbrev)
 .debug_abbrev  0x00000000       0x14 /usr/local/msp430/bin/../lib/gcc/msp430/4.7.0/mmpy-16/crt0ivtbl16.o
 .debug_abbrev  0x00000014       0x14 /usr/local/msp430/bin/../lib/gcc/msp430/4.7.0/mmpy-16/libgcc.a(_mulsi3.o)
 .debug_abbrev  0x00000028       0x14 /usr/local/msp430/bin/../lib/gcc/msp430/4.7.0/mmpy-16/libgcc.a(_udivmod16.o)
 .debug_abbrev  0x0000003c       0x14 /usr/local/msp430/bin/../lib/gcc/msp430/4.7.0/mmpy-16/libgcc.a(_divmod16.o)
 .debug_abbrev  0x00000050       0x14 /usr/local/msp430/bin/../lib/gcc/msp430/4.7.0/mmpy-16/libgcc.a(_udivmod32.o)
 .debug_abbrev  0x00000064       0xfa /usr/local/msp430/bin/../lib/gcc/msp430/4.7.0/../../../../msp430/lib/mmpy-16/libc.a(printf.o)
 .debug_abbrev  0x0000015e      0x23e /usr/local/msp430/bin/../lib/gcc/msp430/4.7.0/../../../../msp430/lib/mmpy-16/libc.a(vuprintf.o)
 .debug_abbrev  0x0000039c       0xa3 /usr/local/msp430/bin/../lib/gcc/msp430/4.7.0/../../../../msp430/lib/mmpy-16/libc.a(puts.o)
 .debug_abbrev  0x0000043f       0xfb /usr/local/msp430/bin/../lib/gcc/msp430/4.7.0/../../../../msp430/lib/mmpy-16/libc.a(rand.o)
 .debug_abbrev  0x0000053a       0x72 /usr/local/msp430/bin/../lib/gcc/msp430/4.7.0/../../../../msp430/lib/mmpy-16/libc.a(strncmp.o)
 .debug_abbrev  0x000005ac       0x9e /usr/local/msp430/bin/../lib/gcc/msp430/4.7.0/../../../../msp430/lib/mmpy-16/libc.a(memcmp.o)
 .debug_abbrev  0x0000064a       0xab /usr/local/msp430/bin/../lib/gcc/msp430/4.7.0/../../../../msp430/lib/mmpy-16/libc.a(memcpy.o)
 .debug_abbrev  0x000006f5       0xab /usr/local/msp430/bin/../lib/gcc/msp430/4.7.0/../../../../msp430/lib/mmpy-16/libc.a(memmove.o)
 .debug_abbrev  0x000007a0       0xa1 /usr/local/msp430/bin/../lib/gcc/msp430/4.7.0/../../../../msp430/lib/mmpy-16/libc.a(memset.o)
 .debug_abbrev  0x00000841       0x14 /usr/local/msp430/bin/../lib/gcc/msp430/4.7.0/mmpy-16/libgcc.a(_udivmod64.o)
 .debug_abbrev  0x00000855       0x14 /usr/local/msp430/bin/../lib/gcc/msp430/4.7.0/mmpy-16/libcrt0.a(__watchdog_support.o)
 .debug_abbrev  0x00000869       0x14 /usr/local/msp430/bin/../lib/gcc/msp430/4.7.0/mmpy-16/libcrt0.a(__init_stack.o)
 .debug_abbrev  0x0000087d       0x14 /usr/local/msp430/bin/../lib/gcc/msp430/4.7.0/mmpy-16/libcrt0.a(_copy_data.o)
 .debug_abbrev  0x00000891       0x14 /usr/local/msp430/bin/../lib/gcc/msp430/4.7.0/mmpy-16/libcrt0.a(_clear_bss.o)
 .debug_abbrev  0x000008a5       0x14 /usr/local/msp430/bin/../lib/gcc/msp430/4.7.0/mmpy-16/libcrt0.a(_endless_loop__.o)
 .debug_abbrev  0x000008b9       0x14 /usr/local/msp430/bin/../lib/gcc/msp430/4.7.0/mmpy-16/libcrt0.a(_unexpected_.o)

.debug_line     0x00000000      0xe1c
 *(.debug_line)
 .debug_line    0x00000000       0x64 /usr/local/msp430/bin/../lib/gcc/msp430/4.7.0/mmpy-16/crt0ivtbl16.o
 .debug_line    0x00000064       0x77 /usr/local/msp430/bin/../lib/gcc/msp430/4.7.0/mmpy-16/libgcc.a(_mulsi3.o)
 .debug_line    0x000000db       0x70 /usr/local/msp430/bin/../lib/gcc/msp430/4.7.0/mmpy-16/libgcc.a(_udivmod16.o)
 .debug_line    0x0000014b       0x7b /usr/local/msp430/bin/../lib/gcc/msp430/4.7.0/mmpy-16/libgcc.a(_divmod16.o)
 .debug_line    0x000001c6       0x7f /usr/local/msp430/bin/../lib/gcc/msp430/4.7.0/mmpy-16/libgcc.a(_udivmod32.o)
 .debug_line    0x00000245       0xa9 /usr/local/msp430/bin/../lib/gcc/msp430/4.7.0/../../../../msp430/lib/mmpy-16/libc.a(printf.o)